Archive member included to satisfy reference by file (symbol)

c:/ac6_stm32/systemworkbench/plugins/fr.ac6.mcu.externaltools.arm-none.win32_1.15.0.201708311556/tools/compiler/bin/../lib/gcc/arm-none-eabi/6.3.1/../../../../arm-none-eabi/lib/thumb/v7-m\libm.a(lib_a-s_trunc.o)
                              appli/test.o (trunc)
c:/ac6_stm32/systemworkbench/plugins/fr.ac6.mcu.externaltools.arm-none.win32_1.15.0.201708311556/tools/compiler/bin/../lib/gcc/arm-none-eabi/6.3.1/../../../../arm-none-eabi/lib/thumb/v7-m\libm.a(lib_a-w_pow.o)
                              appli/test.o (pow)
c:/ac6_stm32/systemworkbench/plugins/fr.ac6.mcu.externaltools.arm-none.win32_1.15.0.201708311556/tools/compiler/bin/../lib/gcc/arm-none-eabi/6.3.1/../../../../arm-none-eabi/lib/thumb/v7-m\libm.a(lib_a-e_pow.o)
                              c:/ac6_stm32/systemworkbench/plugins/fr.ac6.mcu.externaltools.arm-none.win32_1.15.0.201708311556/tools/compiler/bin/../lib/gcc/arm-none-eabi/6.3.1/../../../../arm-none-eabi/lib/thumb/v7-m\libm.a(lib_a-w_pow.o) (__ieee754_pow)
c:/ac6_stm32/systemworkbench/plugins/fr.ac6.mcu.externaltools.arm-none.win32_1.15.0.201708311556/tools/compiler/bin/../lib/gcc/arm-none-eabi/6.3.1/../../../../arm-none-eabi/lib/thumb/v7-m\libm.a(lib_a-e_sqrt.o)
                              c:/ac6_stm32/systemworkbench/plugins/fr.ac6.mcu.externaltools.arm-none.win32_1.15.0.201708311556/tools/compiler/bin/../lib/gcc/arm-none-eabi/6.3.1/../../../../arm-none-eabi/lib/thumb/v7-m\libm.a(lib_a-e_pow.o) (__ieee754_sqrt)
c:/ac6_stm32/systemworkbench/plugins/fr.ac6.mcu.externaltools.arm-none.win32_1.15.0.201708311556/tools/compiler/bin/../lib/gcc/arm-none-eabi/6.3.1/../../../../arm-none-eabi/lib/thumb/v7-m\libm.a(lib_a-s_fabs.o)
                              c:/ac6_stm32/systemworkbench/plugins/fr.ac6.mcu.externaltools.arm-none.win32_1.15.0.201708311556/tools/compiler/bin/../lib/gcc/arm-none-eabi/6.3.1/../../../../arm-none-eabi/lib/thumb/v7-m\libm.a(lib_a-e_pow.o) (fabs)
c:/ac6_stm32/systemworkbench/plugins/fr.ac6.mcu.externaltools.arm-none.win32_1.15.0.201708311556/tools/compiler/bin/../lib/gcc/arm-none-eabi/6.3.1/../../../../arm-none-eabi/lib/thumb/v7-m\libm.a(lib_a-s_finite.o)
                              c:/ac6_stm32/systemworkbench/plugins/fr.ac6.mcu.externaltools.arm-none.win32_1.15.0.201708311556/tools/compiler/bin/../lib/gcc/arm-none-eabi/6.3.1/../../../../arm-none-eabi/lib/thumb/v7-m\libm.a(lib_a-w_pow.o) (finite)
c:/ac6_stm32/systemworkbench/plugins/fr.ac6.mcu.externaltools.arm-none.win32_1.15.0.201708311556/tools/compiler/bin/../lib/gcc/arm-none-eabi/6.3.1/../../../../arm-none-eabi/lib/thumb/v7-m\libm.a(lib_a-s_lib_ver.o)
                              c:/ac6_stm32/systemworkbench/plugins/fr.ac6.mcu.externaltools.arm-none.win32_1.15.0.201708311556/tools/compiler/bin/../lib/gcc/arm-none-eabi/6.3.1/../../../../arm-none-eabi/lib/thumb/v7-m\libm.a(lib_a-w_pow.o) (__fdlib_version)
c:/ac6_stm32/systemworkbench/plugins/fr.ac6.mcu.externaltools.arm-none.win32_1.15.0.201708311556/tools/compiler/bin/../lib/gcc/arm-none-eabi/6.3.1/../../../../arm-none-eabi/lib/thumb/v7-m\libm.a(lib_a-s_matherr.o)
                              c:/ac6_stm32/systemworkbench/plugins/fr.ac6.mcu.externaltools.arm-none.win32_1.15.0.201708311556/tools/compiler/bin/../lib/gcc/arm-none-eabi/6.3.1/../../../../arm-none-eabi/lib/thumb/v7-m\libm.a(lib_a-w_pow.o) (matherr)
c:/ac6_stm32/systemworkbench/plugins/fr.ac6.mcu.externaltools.arm-none.win32_1.15.0.201708311556/tools/compiler/bin/../lib/gcc/arm-none-eabi/6.3.1/../../../../arm-none-eabi/lib/thumb/v7-m\libm.a(lib_a-s_nan.o)
                              c:/ac6_stm32/systemworkbench/plugins/fr.ac6.mcu.externaltools.arm-none.win32_1.15.0.201708311556/tools/compiler/bin/../lib/gcc/arm-none-eabi/6.3.1/../../../../arm-none-eabi/lib/thumb/v7-m\libm.a(lib_a-e_pow.o) (nan)
c:/ac6_stm32/systemworkbench/plugins/fr.ac6.mcu.externaltools.arm-none.win32_1.15.0.201708311556/tools/compiler/bin/../lib/gcc/arm-none-eabi/6.3.1/../../../../arm-none-eabi/lib/thumb/v7-m\libm.a(lib_a-s_rint.o)
                              c:/ac6_stm32/systemworkbench/plugins/fr.ac6.mcu.externaltools.arm-none.win32_1.15.0.201708311556/tools/compiler/bin/../lib/gcc/arm-none-eabi/6.3.1/../../../../arm-none-eabi/lib/thumb/v7-m\libm.a(lib_a-w_pow.o) (rint)
c:/ac6_stm32/systemworkbench/plugins/fr.ac6.mcu.externaltools.arm-none.win32_1.15.0.201708311556/tools/compiler/bin/../lib/gcc/arm-none-eabi/6.3.1/../../../../arm-none-eabi/lib/thumb/v7-m\libm.a(lib_a-s_scalbn.o)
                              c:/ac6_stm32/systemworkbench/plugins/fr.ac6.mcu.externaltools.arm-none.win32_1.15.0.201708311556/tools/compiler/bin/../lib/gcc/arm-none-eabi/6.3.1/../../../../arm-none-eabi/lib/thumb/v7-m\libm.a(lib_a-e_pow.o) (scalbn)
c:/ac6_stm32/systemworkbench/plugins/fr.ac6.mcu.externaltools.arm-none.win32_1.15.0.201708311556/tools/compiler/bin/../lib/gcc/arm-none-eabi/6.3.1/../../../../arm-none-eabi/lib/thumb/v7-m\libm.a(lib_a-s_copysign.o)
[...]
Memory Configuration

Name             Origin             Length             Attributes
FLASH            0x08000000         0x00010000         xr
RAM              0x20000000         0x00005000         xrw
*default*        0x00000000         0xffffffff

Linker script and memory map

LOAD c:/ac6_stm32/systemworkbench/plugins/fr.ac6.mcu.externaltools.arm-none.win32_1.15.0.201708311556/tools/compiler/bin/../lib/gcc/arm-none-eabi/6.3.1/thumb/v7-m/crti.o
LOAD c:/ac6_stm32/systemworkbench/plugins/fr.ac6.mcu.externaltools.arm-none.win32_1.15.0.201708311556/tools/compiler/bin/../lib/gcc/arm-none-eabi/6.3.1/thumb/v7-m/crtbegin.o
LOAD c:/ac6_stm32/systemworkbench/plugins/fr.ac6.mcu.externaltools.arm-none.win32_1.15.0.201708311556/tools/compiler/bin/../lib/gcc/arm-none-eabi/6.3.1/../../../../arm-none-eabi/lib/thumb/v7-m/crt0.o
LOAD appli/adc.o
LOAD appli/main.o
LOAD appli/observer.o
LOAD appli/sensor.o
LOAD appli/test.o
LOAD appli/timer.o
LOAD lib/bsp/APDS9960/apds9960.o
LOAD lib/bsp/BH1750FVI/bh1750fvi.o
LOAD lib/bsp/CapacitiveKeyboard/CapacitiveKeyboard.o
LOAD lib/bsp/ESP8266/esp8266.o
LOAD lib/bsp/MCP23S17/mcp23s17.o
LOAD lib/bsp/MLX90614/MLX90614.o
LOAD lib/bsp/MatrixKeyboard/matrix_keyboard.o
LOAD lib/bsp/MatrixLed/WS2812B.o
LOAD lib/bsp/MatrixLed/WS2812S.o
LOAD lib/bsp/MatrixLed/WS2812S_asm.o
LOAD lib/bsp/iks01a1/hts221/HTS221_Driver.o
LOAD lib/bsp/iks01a1/hts221/HTS221_Driver_HL.o
LOAD lib/bsp/iks01a1/lis3mdl/LIS3MDL_MAG_driver.o
LOAD lib/bsp/iks01a1/lis3mdl/LIS3MDL_MAG_driver_HL.o
LOAD lib/bsp/iks01a1/lps22hb/LPS22HB_Driver.o
LOAD lib/bsp/iks01a1/lps22hb/LPS22HB_Driver_HL.o
LOAD lib/bsp/iks01a1/lps25hb/LPS25HB_Driver.o
LOAD lib/bsp/iks01a1/lps25hb/LPS25HB_Driver_HL.o
LOAD lib/bsp/iks01a1/lsm6ds0/LSM6DS0_ACC_GYRO_driver.o
LOAD lib/bsp/iks01a1/lsm6ds0/LSM6DS0_ACC_GYRO_driver_HL.o
LOAD lib/bsp/iks01a1/lsm6ds3/LSM6DS3_ACC_GYRO_driver.o
LOAD lib/bsp/iks01a1/lsm6ds3/LSM6DS3_ACC_GYRO_driver_HL.o
LOAD lib/bsp/iks01a1/x_nucleo_iks01a1.o
LOAD lib/bsp/iks01a1/x_nucleo_iks01a1_accelero.o
LOAD lib/bsp/iks01a1/x_nucleo_iks01a1_gyro.o
LOAD lib/bsp/iks01a1/x_nucleo_iks01a1_humidity.o
LOAD lib/bsp/iks01a1/x_nucleo_iks01a1_magneto.o
LOAD lib/bsp/iks01a1/x_nucleo_iks01a1_pressure.o
LOAD lib/bsp/iks01a1/x_nucleo_iks01a1_temperature.o
LOAD lib/bsp/lcd2x16/lcd2x16.o
LOAD lib/bsp/stm32f1_adc.o
LOAD lib/bsp/stm32f1_gpio.o
LOAD lib/bsp/stm32f1_i2c.o
LOAD lib/bsp/stm32f1_motorDC.o
LOAD lib/bsp/stm32f1_mpu6050.o
LOAD lib/bsp/stm32f1_pwm.o
LOAD lib/bsp/stm32f1_rtc.o
LOAD lib/bsp/stm32f1_sd.o
LOAD lib/bsp/stm32f1_spi.o
LOAD lib/bsp/stm32f1_sys.o
LOAD lib/bsp/stm32f1_timer.o
LOAD lib/bsp/stm32f1_uart.o
LOAD lib/bsp/stm32f1xx_nucleo.o
LOAD lib/bsp/system_stm32f1xx.o
LOAD lib/bsp/systick.o
LOAD lib/bsp/tft_ili9341/stm32f1_fonts.o
LOAD lib/bsp/tft_ili9341/stm32f1_ili9341.o
LOAD lib/bsp/tft_ili9341/stm32f1_xpt2046.o
LOAD lib/bsp/tft_pcd8544/stm32f1_pcd8544.o
LOAD lib/hal/src/stm32f1xx_hal.o
LOAD lib/hal/src/stm32f1xx_hal_adc.o
LOAD lib/hal/src/stm32f1xx_hal_adc_ex.o
LOAD lib/hal/src/stm32f1xx_hal_can.o
LOAD lib/hal/src/stm32f1xx_hal_cec.o
LOAD lib/hal/src/stm32f1xx_hal_cortex.o
LOAD lib/hal/src/stm32f1xx_hal_crc.o
LOAD lib/hal/src/stm32f1xx_hal_dac.o
LOAD lib/hal/src/stm32f1xx_hal_dac_ex.o
LOAD lib/hal/src/stm32f1xx_hal_dma.o
LOAD lib/hal/src/stm32f1xx_hal_eth.o
LOAD lib/hal/src/stm32f1xx_hal_flash.o
LOAD lib/hal/src/stm32f1xx_hal_flash_ex.o
LOAD lib/hal/src/stm32f1xx_hal_gpio.o
LOAD lib/hal/src/stm32f1xx_hal_gpio_ex.o
LOAD lib/hal/src/stm32f1xx_hal_hcd.o
LOAD lib/hal/src/stm32f1xx_hal_i2c.o
LOAD lib/hal/src/stm32f1xx_hal_i2s.o
LOAD lib/hal/src/stm32f1xx_hal_irda.o
LOAD lib/hal/src/stm32f1xx_hal_iwdg.o
LOAD lib/hal/src/stm32f1xx_hal_msp_template.o
LOAD lib/hal/src/stm32f1xx_hal_nand.o
LOAD lib/hal/src/stm32f1xx_hal_nor.o
LOAD lib/hal/src/stm32f1xx_hal_pccard.o
LOAD lib/hal/src/stm32f1xx_hal_pcd.o
LOAD lib/hal/src/stm32f1xx_hal_pcd_ex.o
LOAD lib/hal/src/stm32f1xx_hal_pwr.o
LOAD lib/hal/src/stm32f1xx_hal_rcc.o
LOAD lib/hal/src/stm32f1xx_hal_rcc_ex.o
LOAD lib/hal/src/stm32f1xx_hal_rtc.o
LOAD lib/hal/src/stm32f1xx_hal_rtc_ex.o
LOAD lib/hal/src/stm32f1xx_hal_sd.o
LOAD lib/hal/src/stm32f1xx_hal_smartcard.o
LOAD lib/hal/src/stm32f1xx_hal_spi.o
LOAD lib/hal/src/stm32f1xx_hal_spi_ex.o
LOAD lib/hal/src/stm32f1xx_hal_sram.o
LOAD lib/hal/src/stm32f1xx_hal_tim.o
LOAD lib/hal/src/stm32f1xx_hal_tim_ex.o
LOAD lib/hal/src/stm32f1xx_hal_uart.o
LOAD lib/hal/src/stm32f1xx_hal_usart.o
LOAD lib/hal/src/stm32f1xx_hal_wwdg.o
LOAD lib/hal/src/stm32f1xx_ll_fsmc.o
LOAD lib/hal/src/stm32f1xx_ll_sdmmc.o
LOAD lib/hal/src/stm32f1xx_ll_usb.o
LOAD lib/startup_stm32f103xb.o
LOAD c:/ac6_stm32/systemworkbench/plugins/fr.ac6.mcu.externaltools.arm-none.win32_1.15.0.201708311556/tools/compiler/bin/../lib/gcc/arm-none-eabi/6.3.1/../../../../arm-none-eabi/lib/thumb/v7-m\libm.a
START GROUP
LOAD c:/ac6_stm32/systemworkbench/plugins/fr.ac6.mcu.externaltools.arm-none.win32_1.15.0.201708311556/tools/compiler/bin/../lib/gcc/arm-none-eabi/6.3.1/thumb/v7-m\libgcc.a
LOAD c:/ac6_stm32/systemworkbench/plugins/fr.ac6.mcu.externaltools.arm-none.win32_1.15.0.201708311556/tools/compiler/bin/../lib/gcc/arm-none-eabi/6.3.1/../../../../arm-none-eabi/lib/thumb/v7-m\libc.a
END GROUP
LOAD c:/ac6_stm32/systemworkbench/plugins/fr.ac6.mcu.externaltools.arm-none.win32_1.15.0.201708311556/tools/compiler/bin/../lib/gcc/arm-none-eabi/6.3.1/thumb/v7-m/crtend.o
LOAD c:/ac6_stm32/systemworkbench/plugins/fr.ac6.mcu.externaltools.arm-none.win32_1.15.0.201708311556/tools/compiler/bin/../lib/gcc/arm-none-eabi/6.3.1/thumb/v7-m/crtn.o
                0x20005000                _estack = 0x20005000
                0x00000200                _Min_Heap_Size = 0x200
                0x00000400                _Min_Stack_Size = 0x400

.isr_vector     0x08000000      0x10c
                0x08000000                . = ALIGN (0x4)
 *(.isr_vector)
 .isr_vector    0x08000000      0x10c lib/startup_stm32f103xb.o
                0x08000000                g_pfnVectors
                0x0800010c                . = ALIGN (0x4)

.text           0x08000110     0x97a8
                0x08000110                . = ALIGN (0x4)
 *(.text)
 .text          0x08000110       0x6c c:/ac6_stm32/systemworkbench/plugins/fr.ac6.mcu.externaltools.arm-none.win32_1.15.0.201708311556/tools/compiler/bin/../lib/gcc/arm-none-eabi/6.3.1/thumb/v7-m/crtbegin.o
 .text          0x0800017c      0x370 c:/ac6_stm32/systemworkbench/plugins/fr.ac6.mcu.externaltools.arm-none.win32_1.15.0.201708311556/tools/compiler/bin/../lib/gcc/arm-none-eabi/6.3.1/thumb/v7-m\libgcc.a(_arm_addsubdf3.o)
                0x0800017c                __aeabi_drsub
                0x08000184                __aeabi_dsub
                0x08000184                __subdf3
                0x08000188                __aeabi_dadd
                0x08000188                __adddf3
                0x08000400                __floatunsidf
                0x08000400                __aeabi_ui2d
                0x08000420                __floatsidf
                0x08000420                __aeabi_i2d
                0x08000444                __aeabi_f2d
                0x08000444                __extendsfdf2
                0x08000480                __floatundidf
                0x08000480                __aeabi_ul2d
                0x08000490                __floatdidf
                0x08000490                __aeabi_l2d
 .text          0x080004ec      0x424 c:/ac6_stm32/systemworkbench/plugins/fr.ac6.mcu.externaltools.arm-none.win32_1.15.0.201708311556/tools/compiler/bin/../lib/gcc/arm-none-eabi/6.3.1/thumb/v7-m\libgcc.a(_arm_muldivdf3.o)
                0x080004ec                __aeabi_dmul
                0x080004ec                __muldf3
                0x08000740                __divdf3
                0x08000740                __aeabi_ddiv
 .text          0x08000910      0x110 c:/ac6_stm32/systemworkbench/plugins/fr.ac6.mcu.externaltools.arm-none.win32_1.15.0.201708311556/tools/compiler/bin/../lib/gcc/arm-none-eabi/6.3.1/thumb/v7-m\libgcc.a(_arm_cmpdf2.o)
                0x08000910                __gtdf2
                0x08000910                __gedf2
                0x08000918                __ltdf2
                0x08000918                __ledf2
                0x08000920                __nedf2
                0x08000920                __eqdf2
                0x08000920                __cmpdf2
                0x0800099c                __aeabi_cdrcmple
                0x080009ac                __aeabi_cdcmpeq
                0x080009ac                __aeabi_cdcmple
                0x080009bc                __aeabi_dcmpeq
                0x080009d0                __aeabi_dcmplt
                0x080009e4                __aeabi_dcmple
                0x080009f8                __aeabi_dcmpge
                0x08000a0c                __aeabi_dcmpgt
 .text          0x08000a20       0x2c c:/ac6_stm32/systemworkbench/plugins/fr.ac6.mcu.externaltools.arm-none.win32_1.15.0.201708311556/tools/compiler/bin/../lib/gcc/arm-none-eabi/6.3.1/thumb/v7-m\libgcc.a(_arm_unorddf2.o)
                0x08000a20                __unorddf2
                0x08000a20                __aeabi_dcmpun
 .text          0x08000a4c       0x50 c:/ac6_stm32/systemworkbench/plugins/fr.ac6.mcu.externaltools.arm-none.win32_1.15.0.201708311556/tools/compiler/bin/../lib/gcc/arm-none-eabi/6.3.1/thumb/v7-m\libgcc.a(_arm_fixdfsi.o)
                0x08000a4c                __aeabi_d2iz
                0x08000a4c                __fixdfsi
 .text          0x08000a9c       0x30 c:/ac6_stm32/systemworkbench/plugins/fr.ac6.mcu.externaltools.arm-none.win32_1.15.0.201708311556/tools/compiler/bin/../lib/gcc/arm-none-eabi/6.3.1/thumb/v7-m\libgcc.a(_aeabi_uldivmod.o)
                0x08000a9c                __aeabi_uldivmod
 .text          0x08000acc      0x2dc c:/ac6_stm32/systemworkbench/plugins/fr.ac6.mcu.externaltools.arm-none.win32_1.15.0.201708311556/tools/compiler/bin/../lib/gcc/arm-none-eabi/6.3.1/thumb/v7-m\libgcc.a(_udivmoddi4.o)
                0x08000acc                __udivmoddi4
 .text          0x08000da8        0x4 c:/ac6_stm32/systemworkbench/plugins/fr.ac6.mcu.externaltools.arm-none.win32_1.15.0.201708311556/tools/compiler/bin/../lib/gcc/arm-none-eabi/6.3.1/thumb/v7-m\libgcc.a(_dvmd_tls.o)
                0x08000da8                __aeabi_idiv0
                0x08000da8                __aeabi_ldiv0
 .text          0x08000dac       0xec c:/ac6_stm32/systemworkbench/plugins/fr.ac6.mcu.externaltools.arm-none.win32_1.15.0.201708311556/tools/compiler/bin/../lib/gcc/arm-none-eabi/6.3.1/../../../../arm-none-eabi/lib/thumb/v7-m\libc.a(lib_a-memcpy.o)
                0x08000dac                memcpy
 *(.text*)
 .text.ADC1_init_for_PA1
                0x08000e98       0xd0 appli/adc.o
                0x08000e98                ADC1_init_for_PA1
 .text.ADC1_get_value
                0x08000f68       0x20 appli/adc.o
                0x08000f68                ADC1_get_value
 .text.sendData
                0x08000f88       0x30 appli/main.o
                0x08000f88                sendData
 .text.listenAck
                0x08000fb8       0x38 appli/main.o
                0x08000fb8                listenAck
 .text.toggle_pin
                0x08000ff0       0x30 appli/main.o
                0x08000ff0                toggle_pin
 .text.main     0x08001020       0x54 appli/main.o
                0x08001020                main
 .text.sensorMeasure
                0x08001074       0x58 appli/sensor.o
                0x08001074                sensorMeasure
 .text.DMA1_Channel1_IRQHandler
                0x080010cc       0x14 lib/bsp/stm32f1_adc.o
                0x080010cc                DMA1_Channel1_IRQHandler
 .text.BSP_GPIO_Enable
                0x080010e0       0xb8 lib/bsp/stm32f1_gpio.o
                0x080010e0                BSP_GPIO_Enable
 .text.BSP_GPIO_PinCfg
                0x08001198       0x32 lib/bsp/stm32f1_gpio.o
                0x08001198                BSP_GPIO_PinCfg
 .text.SYS_NVIC_PriorityGrouping
                0x080011ca        0xe lib/bsp/stm32f1_sys.o
                0x080011ca                SYS_NVIC_PriorityGrouping
 .text.SYS_ClockConfig
                0x080011d8       0x6c lib/bsp/stm32f1_sys.o
                0x080011d8                SYS_ClockConfig
 .text._close   0x08001244       0x16 lib/bsp/stm32f1_sys.o
                0x08001244                _close
 .text._fstat   0x0800125a       0x1e lib/bsp/stm32f1_sys.o
                0x0800125a                _fstat
 .text._isatty  0x08001278       0x28 lib/bsp/stm32f1_sys.o
                0x08001278                _isatty
 .text._lseek   0x080012a0       0x18 lib/bsp/stm32f1_sys.o
                0x080012a0                _lseek
 .text._sbrk    0x080012b8       0x58 lib/bsp/stm32f1_sys.o
                0x080012b8                _sbrk
 .text._sbrk_r  0x08001310       0x46 lib/bsp/stm32f1_sys.o
                0x08001310                _sbrk_r
 *fill*         0x08001356        0x2 
 .text._read    0x08001358       0x7c lib/bsp/stm32f1_sys.o
                0x08001358                _read
 .text._write   0x080013d4       0x8c lib/bsp/stm32f1_sys.o
                0x080013d4                _write
 .text.dump_trap_info
                0x08001460      0x2c4 lib/bsp/stm32f1_sys.o
                0x08001460                dump_trap_info
 .text.Fault_Handler
                0x08001724       0x16 lib/bsp/stm32f1_sys.o
                0x08001724                UsageFault_Handler
                0x08001724                MemManage_Handler
                0x08001724                Fault_Handler
                0x08001724                BusFault_Handler
                0x08001724                HardFault_Handler
 .text.NMI_Handler
                0x0800173a        0xc lib/bsp/stm32f1_sys.o
                0x0800173a                NMI_Handler
 *fill*         0x08001746        0x2 
 .text.SVC_Handler
                0x08001748       0x14 lib/bsp/stm32f1_sys.o
                0x08001748                SVC_Handler
 .text.DebugMon_Handler
                0x0800175c       0x14 lib/bsp/stm32f1_sys.o
                0x0800175c                DebugMon_Handler
 .text.PendSV_Handler
                0x08001770       0x14 lib/bsp/stm32f1_sys.o
                0x08001770                PendSV_Handler
 .text.TIMER1_user_handler_it
                0x08001784        0xc lib/bsp/stm32f1_timer.o
                0x08001784                TIMER1_user_handler_it
 .text.TIMER2_user_handler_it
                0x08001790        0xc lib/bsp/stm32f1_timer.o
                0x08001790                TIMER2_user_handler_it
 .text.TIMER3_user_handler_it
                0x0800179c        0xc lib/bsp/stm32f1_timer.o
                0x0800179c                TIMER3_user_handler_it
 .text.TIMER4_user_handler_it
                0x080017a8        0xc lib/bsp/stm32f1_timer.o
                0x080017a8                TIMER4_user_handler_it
 .text.TIM1_UP_IRQHandler
                0x080017b4       0x28 lib/bsp/stm32f1_timer.o
                0x080017b4                TIM1_UP_IRQHandler
 .text.TIM2_IRQHandler
                0x080017dc       0x28 lib/bsp/stm32f1_timer.o
                0x080017dc                TIM2_IRQHandler
 .text.TIM3_IRQHandler
                0x08001804       0x28 lib/bsp/stm32f1_timer.o
                0x08001804                TIM3_IRQHandler
 .text.TIM4_IRQHandler
                0x0800182c       0x2c lib/bsp/stm32f1_timer.o
                0x0800182c                TIM4_IRQHandler
 .text.NVIC_EnableIRQ
                0x08001858       0x30 lib/bsp/stm32f1_uart.o
 .text.NVIC_DisableIRQ
                0x08001888       0x34 lib/bsp/stm32f1_uart.o
 .text.NVIC_SystemReset
                0x080018bc       0x28 lib/bsp/stm32f1_uart.o
 .text.UART_init
                0x080018e4      0x190 lib/bsp/stm32f1_uart.o
                0x080018e4                UART_init
 .text.UART_data_ready
                0x08001a74       0x3c lib/bsp/stm32f1_uart.o
                0x08001a74                UART_data_ready
 .text.UART_get_next_byte
                0x08001ab0       0xb8 lib/bsp/stm32f1_uart.o
                0x08001ab0                UART_get_next_byte
 .text.UART_putc
                0x08001b68       0x70 lib/bsp/stm32f1_uart.o
                0x08001b68                UART_putc
 .text.USART1_IRQHandler
                0x08001bd8       0x14 lib/bsp/stm32f1_uart.o
                0x08001bd8                USART1_IRQHandler
 .text.USART2_IRQHandler
                0x08001bec       0x14 lib/bsp/stm32f1_uart.o
                0x08001bec                USART2_IRQHandler
 .text.USART3_IRQHandler
                0x08001c00       0x14 lib/bsp/stm32f1_uart.o
                0x08001c00                USART3_IRQHandler
 .text.HAL_UART_RxCpltCallback
                0x08001c14       0xa4 lib/bsp/stm32f1_uart.o
                0x08001c14                HAL_UART_RxCpltCallback
 .text.HAL_UART_MspInit
                0x08001cb8      0x168 lib/bsp/stm32f1_uart.o
                0x08001cb8                HAL_UART_MspInit
 .text.HAL_UART_ErrorCallback
                0x08001e20       0x28 lib/bsp/stm32f1_uart.o
                0x08001e20                HAL_UART_ErrorCallback
 .text.SystemInit
                0x08001e48       0x68 lib/bsp/system_stm32f1xx.o
                0x08001e48                SystemInit
 .text.SystemCoreClockUpdate
                0x08001eb0       0xd8 lib/bsp/system_stm32f1xx.o
                0x08001eb0                SystemCoreClockUpdate
 .text.Systick_init
                0x08001f88       0x3c lib/bsp/systick.o
                0x08001f88                Systick_init
 .text.SysTick_Handler
                0x08001fc4       0x54 lib/bsp/systick.o
                0x08001fc4                SysTick_Handler
 .text.HAL_Init
                0x08002018       0x2c lib/hal/src/stm32f1xx_hal.o
                0x08002018                HAL_Init
 .text.HAL_InitTick
                0x08002044       0x38 lib/hal/src/stm32f1xx_hal.o
                0x08002044                HAL_InitTick
 .text.HAL_IncTick
                0x0800207c       0x1c lib/hal/src/stm32f1xx_hal.o
                0x0800207c                HAL_IncTick
 .text.HAL_GetTick
                0x08002098       0x14 lib/hal/src/stm32f1xx_hal.o
                0x08002098                HAL_GetTick
 .text.HAL_Delay
                0x080020ac       0x2c lib/hal/src/stm32f1xx_hal.o
                0x080020ac                HAL_Delay
 .text.HAL_ADC_Init
                0x080020d8      0x1fc lib/hal/src/stm32f1xx_hal_adc.o
                0x080020d8                HAL_ADC_Init
 .text.HAL_ADC_MspInit
                0x080022d4       0x12 lib/hal/src/stm32f1xx_hal_adc.o
                0x080022d4                HAL_ADC_MspInit
 *fill*         0x080022e6        0x2 
 .text.HAL_ADC_Start
                0x080022e8      0x15c lib/hal/src/stm32f1xx_hal_adc.o
                0x080022e8                HAL_ADC_Start
 .text.HAL_ADC_GetValue
                0x08002444       0x18 lib/hal/src/stm32f1xx_hal_adc.o
                0x08002444                HAL_ADC_GetValue
 .text.HAL_ADC_ConfigChannel
                0x0800245c      0x2b8 lib/hal/src/stm32f1xx_hal_adc.o
                0x0800245c                HAL_ADC_ConfigChannel
 .text.ADC_Enable
                0x08002714       0xa4 lib/hal/src/stm32f1xx_hal_adc.o
                0x08002714                ADC_Enable
 .text.ADC_ConversionStop_Disable
                0x080027b8       0x74 lib/hal/src/stm32f1xx_hal_adc.o
                0x080027b8                ADC_ConversionStop_Disable
 .text.NVIC_SetPriorityGrouping
                0x0800282c       0x48 lib/hal/src/stm32f1xx_hal_cortex.o
 .text.NVIC_GetPriorityGrouping
                0x08002874       0x1c lib/hal/src/stm32f1xx_hal_cortex.o
 .text.NVIC_EnableIRQ
                0x08002890       0x30 lib/hal/src/stm32f1xx_hal_cortex.o
 .text.NVIC_SetPriority
                0x080028c0       0x54 lib/hal/src/stm32f1xx_hal_cortex.o
 .text.NVIC_EncodePriority
                0x08002914       0x60 lib/hal/src/stm32f1xx_hal_cortex.o
 .text.SysTick_Config
                0x08002974       0x44 lib/hal/src/stm32f1xx_hal_cortex.o
 .text.HAL_NVIC_SetPriorityGrouping
                0x080029b8       0x16 lib/hal/src/stm32f1xx_hal_cortex.o
                0x080029b8                HAL_NVIC_SetPriorityGrouping
 .text.HAL_NVIC_SetPriority
                0x080029ce       0x38 lib/hal/src/stm32f1xx_hal_cortex.o
                0x080029ce                HAL_NVIC_SetPriority
 .text.HAL_NVIC_EnableIRQ
                0x08002a06       0x1c lib/hal/src/stm32f1xx_hal_cortex.o
                0x08002a06                HAL_NVIC_EnableIRQ
 .text.HAL_SYSTICK_Config
                0x08002a22       0x18 lib/hal/src/stm32f1xx_hal_cortex.o
                0x08002a22                HAL_SYSTICK_Config
 .text.HAL_SYSTICK_IRQHandler
                0x08002a3a        0xc lib/hal/src/stm32f1xx_hal_cortex.o
                0x08002a3a                HAL_SYSTICK_IRQHandler
 .text.HAL_SYSTICK_Callback
                0x08002a46        0xc lib/hal/src/stm32f1xx_hal_cortex.o
                0x08002a46                HAL_SYSTICK_Callback
 *fill*         0x08002a52        0x2 
 .text.HAL_DMA_IRQHandler
                0x08002a54      0x3e0 lib/hal/src/stm32f1xx_hal_dma.o
                0x08002a54                HAL_DMA_IRQHandler
 .text.HAL_GPIO_Init
                0x08002e34      0x2bc lib/hal/src/stm32f1xx_hal_gpio.o
                0x08002e34                HAL_GPIO_Init
 .text.HAL_GPIO_WritePin
                0x080030f0       0x30 lib/hal/src/stm32f1xx_hal_gpio.o
                0x080030f0                HAL_GPIO_WritePin
 .text.HAL_MspInit
                0x08003120        0xc lib/hal/src/stm32f1xx_hal_msp_template.o
                0x08003120                HAL_MspInit
 .text.HAL_RCC_OscConfig
                0x0800312c      0xde8 lib/hal/src/stm32f1xx_hal_rcc.o
                0x0800312c                HAL_RCC_OscConfig
 .text.HAL_RCC_ClockConfig
                0x08003f14      0x510 lib/hal/src/stm32f1xx_hal_rcc.o
                0x08003f14                HAL_RCC_ClockConfig
 .text.HAL_RCC_GetSysClockFreq
                0x08004424       0xf0 lib/hal/src/stm32f1xx_hal_rcc.o
                0x08004424                HAL_RCC_GetSysClockFreq
 .text.HAL_RCC_GetHCLKFreq
                0x08004514       0x50 lib/hal/src/stm32f1xx_hal_rcc.o
                0x08004514                HAL_RCC_GetHCLKFreq
 .text.HAL_RCC_GetPCLK1Freq
                0x08004564       0x44 lib/hal/src/stm32f1xx_hal_rcc.o
                0x08004564                HAL_RCC_GetPCLK1Freq
 .text.HAL_RCC_GetPCLK2Freq
                0x080045a8       0x44 lib/hal/src/stm32f1xx_hal_rcc.o
                0x080045a8                HAL_RCC_GetPCLK2Freq
 .text.HAL_UART_Init
                0x080045ec       0x92 lib/hal/src/stm32f1xx_hal_uart.o
                0x080045ec                HAL_UART_Init
 .text.HAL_UART_Transmit_IT
                0x0800467e       0xac lib/hal/src/stm32f1xx_hal_uart.o
                0x0800467e                HAL_UART_Transmit_IT
 .text.HAL_UART_Receive_IT
                0x0800472a       0xcc lib/hal/src/stm32f1xx_hal_uart.o
                0x0800472a                HAL_UART_Receive_IT
 .text.HAL_UART_IRQHandler
                0x080047f6      0x1ac lib/hal/src/stm32f1xx_hal_uart.o
                0x080047f6                HAL_UART_IRQHandler
 .text.HAL_UART_TxCpltCallback
                0x080049a2       0x12 lib/hal/src/stm32f1xx_hal_uart.o
                0x080049a2                HAL_UART_TxCpltCallback
 .text.UART_Transmit_IT
                0x080049b4       0xb6 lib/hal/src/stm32f1xx_hal_uart.o
 .text.UART_EndTransmit_IT
                0x08004a6a       0x46 lib/hal/src/stm32f1xx_hal_uart.o
 .text.UART_Receive_IT
                0x08004ab0      0x126 lib/hal/src/stm32f1xx_hal_uart.o
 *fill*         0x08004bd6        0x2 
 .text.UART_SetConfig
                0x08004bd8      0x180 lib/hal/src/stm32f1xx_hal_uart.o
 .text.Reset_Handler
                0x08004d58       0x64 lib/startup_stm32f103xb.o
                0x08004d58                Reset_Handler
 .text.Default_Handler
                0x08004dbc        0x2 lib/startup_stm32f103xb.o
                0x08004dbc                RTC_Alarm_IRQHandler
                0x08004dbc                EXTI2_IRQHandler
                0x08004dbc                TIM1_CC_IRQHandler
                0x08004dbc                PVD_IRQHandler
                0x08004dbc                EXTI3_IRQHandler
                0x08004dbc                EXTI0_IRQHandler
                0x08004dbc                I2C2_EV_IRQHandler
                0x08004dbc                ADC1_2_IRQHandler
                0x08004dbc                SPI1_IRQHandler
                0x08004dbc                TAMPER_IRQHandler
                0x08004dbc                DMA1_Channel4_IRQHandler
                0x08004dbc                RTC_IRQHandler
                0x08004dbc                DMA1_Channel7_IRQHandler
                0x08004dbc                CAN1_RX1_IRQHandler
                0x08004dbc                I2C1_EV_IRQHandler
                0x08004dbc                DMA1_Channel6_IRQHandler
                0x08004dbc                RCC_IRQHandler
                0x08004dbc                TIM1_TRG_COM_IRQHandler
                0x08004dbc                Default_Handler
                0x08004dbc                EXTI15_10_IRQHandler
                0x08004dbc                EXTI9_5_IRQHandler
                0x08004dbc                SPI2_IRQHandler
                0x08004dbc                DMA1_Channel5_IRQHandler
                0x08004dbc                EXTI4_IRQHandler
                0x08004dbc                USB_LP_CAN1_RX0_IRQHandler
                0x08004dbc                USB_HP_CAN1_TX_IRQHandler
                0x08004dbc                DMA1_Channel3_IRQHandler
                0x08004dbc                WWDG_IRQHandler
                0x08004dbc                TIM1_BRK_IRQHandler
                0x08004dbc                EXTI1_IRQHandler
                0x08004dbc                I2C2_ER_IRQHandler
                0x08004dbc                DMA1_Channel2_IRQHandler
                0x08004dbc                CAN1_SCE_IRQHandler
                0x08004dbc                FLASH_IRQHandler
                0x08004dbc                I2C1_ER_IRQHandler
                0x08004dbc                USBWakeUp_IRQHandler
 *fill*         0x08004dbe        0x2 
 .text.__errno  0x08004dc0        0xc c:/ac6_stm32/systemworkbench/plugins/fr.ac6.mcu.externaltools.arm-none.win32_1.15.0.201708311556/tools/compiler/bin/../lib/gcc/arm-none-eabi/6.3.1/../../../../arm-none-eabi/lib/thumb/v7-m\libc.a(lib_a-errno.o)
                0x08004dc0                __errno
 .text.__libc_init_array
                0x08004dcc       0x50 c:/ac6_stm32/systemworkbench/plugins/fr.ac6.mcu.externaltools.arm-none.win32_1.15.0.201708311556/tools/compiler/bin/../lib/gcc/arm-none-eabi/6.3.1/../../../../arm-none-eabi/lib/thumb/v7-m\libc.a(lib_a-init.o)
                0x08004dcc                __libc_init_array
 .text.malloc   0x08004e1c       0x10 c:/ac6_stm32/systemworkbench/plugins/fr.ac6.mcu.externaltools.arm-none.win32_1.15.0.201708311556/tools/compiler/bin/../lib/gcc/arm-none-eabi/6.3.1/../../../../arm-none-eabi/lib/thumb/v7-m\libc.a(lib_a-malloc.o)
                0x08004e1c                malloc
 .text._malloc_r
                0x08004e2c      0x544 c:/ac6_stm32/systemworkbench/plugins/fr.ac6.mcu.externaltools.arm-none.win32_1.15.0.201708311556/tools/compiler/bin/../lib/gcc/arm-none-eabi/6.3.1/../../../../arm-none-eabi/lib/thumb/v7-m\libc.a(lib_a-mallocr.o)
                0x08004e2c                _malloc_r
 .text.memset   0x08005370       0x9c c:/ac6_stm32/systemworkbench/plugins/fr.ac6.mcu.externaltools.arm-none.win32_1.15.0.201708311556/tools/compiler/bin/../lib/gcc/arm-none-eabi/6.3.1/../../../../arm-none-eabi/lib/thumb/v7-m\libc.a(lib_a-memset.o)
                0x08005370                memset
 .text.__malloc_lock
                0x0800540c        0xc c:/ac6_stm32/systemworkbench/plugins/fr.ac6.mcu.externaltools.arm-none.win32_1.15.0.201708311556/tools/compiler/bin/../lib/gcc/arm-none-eabi/6.3.1/../../../../arm-none-eabi/lib/thumb/v7-m\libc.a(lib_a-mlock.o)
                0x0800540c                __malloc_lock
 .text.__malloc_unlock
                0x08005418        0xc c:/ac6_stm32/systemworkbench/plugins/fr.ac6.mcu.externaltools.arm-none.win32_1.15.0.201708311556/tools/compiler/bin/../lib/gcc/arm-none-eabi/6.3.1/../../../../arm-none-eabi/lib/thumb/v7-m\libc.a(lib_a-mlock.o)
                0x08005418                __malloc_unlock
 .text.printf   0x08005424       0x28 c:/ac6_stm32/systemworkbench/plugins/fr.ac6.mcu.externaltools.arm-none.win32_1.15.0.201708311556/tools/compiler/bin/../lib/gcc/arm-none-eabi/6.3.1/../../../../arm-none-eabi/lib/thumb/v7-m\libc.a(lib_a-printf.o)
                0x08005424                printf
 .text.putchar  0x0800544c       0x10 c:/ac6_stm32/systemworkbench/plugins/fr.ac6.mcu.externaltools.arm-none.win32_1.15.0.201708311556/tools/compiler/bin/../lib/gcc/arm-none-eabi/6.3.1/../../../../arm-none-eabi/lib/thumb/v7-m\libc.a(lib_a-putchar.o)
                0x0800544c                putchar
 .text._puts_r  0x0800545c       0x9c c:/ac6_stm32/systemworkbench/plugins/fr.ac6.mcu.externaltools.arm-none.win32_1.15.0.201708311556/tools/compiler/bin/../lib/gcc/arm-none-eabi/6.3.1/../../../../arm-none-eabi/lib/thumb/v7-m\libc.a(lib_a-puts.o)
                0x0800545c                _puts_r
 .text.puts     0x080054f8       0x10 c:/ac6_stm32/systemworkbench/plugins/fr.ac6.mcu.externaltools.arm-none.win32_1.15.0.201708311556/tools/compiler/bin/../lib/gcc/arm-none-eabi/6.3.1/../../../../arm-none-eabi/lib/thumb/v7-m\libc.a(lib_a-puts.o)
                0x080054f8                puts
 .text.setvbuf  0x08005508      0x190 c:/ac6_stm32/systemworkbench/plugins/fr.ac6.mcu.externaltools.arm-none.win32_1.15.0.201708311556/tools/compiler/bin/../lib/gcc/arm-none-eabi/6.3.1/../../../../arm-none-eabi/lib/thumb/v7-m\libc.a(lib_a-setvbuf.o)
                0x08005508                setvbuf
 .text.strlen   0x08005698       0x5c c:/ac6_stm32/systemworkbench/plugins/fr.ac6.mcu.externaltools.arm-none.win32_1.15.0.201708311556/tools/compiler/bin/../lib/gcc/arm-none-eabi/6.3.1/../../../../arm-none-eabi/lib/thumb/v7-m\libc.a(lib_a-strlen-stub.o)
                0x08005698                strlen
 .text._vfprintf_r
                0x080056f4     0x15e8 c:/ac6_stm32/systemworkbench/plugins/fr.ac6.mcu.externaltools.arm-none.win32_1.15.0.201708311556/tools/compiler/bin/../lib/gcc/arm-none-eabi/6.3.1/../../../../arm-none-eabi/lib/thumb/v7-m\libc.a(lib_a-vfprintf.o)
                0x080056f4                _vfprintf_r
 .text.__sbprintf
                0x08006cdc       0x88 c:/ac6_stm32/systemworkbench/plugins/fr.ac6.mcu.externaltools.arm-none.win32_1.15.0.201708311556/tools/compiler/bin/../lib/gcc/arm-none-eabi/6.3.1/../../../../arm-none-eabi/lib/thumb/v7-m\libc.a(lib_a-vfprintf.o)
 .text.__swsetup_r
                0x08006d64       0xc8 c:/ac6_stm32/systemworkbench/plugins/fr.ac6.mcu.externaltools.arm-none.win32_1.15.0.201708311556/tools/compiler/bin/../lib/gcc/arm-none-eabi/6.3.1/../../../../arm-none-eabi/lib/thumb/v7-m\libc.a(lib_a-wsetup.o)
                0x08006d64                __swsetup_r
 .text.startup.register_fini
                0x08006e2c       0x14 c:/ac6_stm32/systemworkbench/plugins/fr.ac6.mcu.externaltools.arm-none.win32_1.15.0.201708311556/tools/compiler/bin/../lib/gcc/arm-none-eabi/6.3.1/../../../../arm-none-eabi/lib/thumb/v7-m\libc.a(lib_a-__call_atexit.o)
 .text.atexit   0x08006e40        0xc c:/ac6_stm32/systemworkbench/plugins/fr.ac6.mcu.externaltools.arm-none.win32_1.15.0.201708311556/tools/compiler/bin/../lib/gcc/arm-none-eabi/6.3.1/../../../../arm-none-eabi/lib/thumb/v7-m\libc.a(lib_a-atexit.o)
                0x08006e40                atexit
 .text.quorem   0x08006e4c      0x128 c:/ac6_stm32/systemworkbench/plugins/fr.ac6.mcu.externaltools.arm-none.win32_1.15.0.201708311556/tools/compiler/bin/../lib/gcc/arm-none-eabi/6.3.1/../../../../arm-none-eabi/lib/thumb/v7-m\libc.a(lib_a-dtoa.o)
 *fill*         0x08006f74        0x4 
 .text._dtoa_r  0x08006f78      0xe44 c:/ac6_stm32/systemworkbench/plugins/fr.ac6.mcu.externaltools.arm-none.win32_1.15.0.201708311556/tools/compiler/bin/../lib/gcc/arm-none-eabi/6.3.1/../../../../arm-none-eabi/lib/thumb/v7-m\libc.a(lib_a-dtoa.o)
                0x08006f78                _dtoa_r
 .text.__sflush_r
                0x08007dbc      0x138 c:/ac6_stm32/systemworkbench/plugins/fr.ac6.mcu.externaltools.arm-none.win32_1.15.0.201708311556/tools/compiler/bin/../lib/gcc/arm-none-eabi/6.3.1/../../../../arm-none-eabi/lib/thumb/v7-m\libc.a(lib_a-fflush.o)
                0x08007dbc                __sflush_r
 .text._fflush_r
                0x08007ef4       0x54 c:/ac6_stm32/systemworkbench/plugins/fr.ac6.mcu.externaltools.arm-none.win32_1.15.0.201708311556/tools/compiler/bin/../lib/gcc/arm-none-eabi/6.3.1/../../../../arm-none-eabi/lib/thumb/v7-m\libc.a(lib_a-fflush.o)
                0x08007ef4                _fflush_r
 .text._cleanup_r
                0x08007f48        0xc c:/ac6_stm32/systemworkbench/plugins/fr.ac6.mcu.externaltools.arm-none.win32_1.15.0.201708311556/tools/compiler/bin/../lib/gcc/arm-none-eabi/6.3.1/../../../../arm-none-eabi/lib/thumb/v7-m\libc.a(lib_a-findfp.o)
                0x08007f48                _cleanup_r
 .text.std.isra.0
                0x08007f54       0x50 c:/ac6_stm32/systemworkbench/plugins/fr.ac6.mcu.externaltools.arm-none.win32_1.15.0.201708311556/tools/compiler/bin/../lib/gcc/arm-none-eabi/6.3.1/../../../../arm-none-eabi/lib/thumb/v7-m\libc.a(lib_a-findfp.o)
 .text.__sinit  0x08007fa4       0x60 c:/ac6_stm32/systemworkbench/plugins/fr.ac6.mcu.externaltools.arm-none.win32_1.15.0.201708311556/tools/compiler/bin/../lib/gcc/arm-none-eabi/6.3.1/../../../../arm-none-eabi/lib/thumb/v7-m\libc.a(lib_a-findfp.o)
                0x08007fa4                __sinit
 .text.__sfp_lock_acquire
                0x08008004        0xc c:/ac6_stm32/systemworkbench/plugins/fr.ac6.mcu.externaltools.arm-none.win32_1.15.0.201708311556/tools/compiler/bin/../lib/gcc/arm-none-eabi/6.3.1/../../../../arm-none-eabi/lib/thumb/v7-m\libc.a(lib_a-findfp.o)
                0x08008004                __sfp_lock_acquire
 .text.__sfp_lock_release
                0x08008010        0xc c:/ac6_stm32/systemworkbench/plugins/fr.ac6.mcu.externaltools.arm-none.win32_1.15.0.201708311556/tools/compiler/bin/../lib/gcc/arm-none-eabi/6.3.1/../../../../arm-none-eabi/lib/thumb/v7-m\libc.a(lib_a-findfp.o)
                0x08008010                __sfp_lock_release
 .text.__libc_fini_array
                0x0800801c       0x34 c:/ac6_stm32/systemworkbench/plugins/fr.ac6.mcu.externaltools.arm-none.win32_1.15.0.201708311556/tools/compiler/bin/../lib/gcc/arm-none-eabi/6.3.1/../../../../arm-none-eabi/lib/thumb/v7-m\libc.a(lib_a-fini.o)
                0x0800801c                __libc_fini_array
 .text._malloc_trim_r
                0x08008050       0xa0 c:/ac6_stm32/systemworkbench/plugins/fr.ac6.mcu.externaltools.arm-none.win32_1.15.0.201708311556/tools/compiler/bin/../lib/gcc/arm-none-eabi/6.3.1/../../../../arm-none-eabi/lib/thumb/v7-m\libc.a(lib_a-freer.o)
                0x08008050                _malloc_trim_r
 .text._free_r  0x080080f0      0x1cc c:/ac6_stm32/systemworkbench/plugins/fr.ac6.mcu.externaltools.arm-none.win32_1.15.0.201708311556/tools/compiler/bin/../lib/gcc/arm-none-eabi/6.3.1/../../../../arm-none-eabi/lib/thumb/v7-m\libc.a(lib_a-freer.o)
                0x080080f0                _free_r
 .text.__sfvwrite_r
                0x080082bc      0x2f4 c:/ac6_stm32/systemworkbench/plugins/fr.ac6.mcu.externaltools.arm-none.win32_1.15.0.201708311556/tools/compiler/bin/../lib/gcc/arm-none-eabi/6.3.1/../../../../arm-none-eabi/lib/thumb/v7-m\libc.a(lib_a-fvwrite.o)
                0x080082bc                __sfvwrite_r
 .text._fwalk_reent
                0x080085b0       0x50 c:/ac6_stm32/systemworkbench/plugins/fr.ac6.mcu.externaltools.arm-none.win32_1.15.0.201708311556/tools/compiler/bin/../lib/gcc/arm-none-eabi/6.3.1/../../../../arm-none-eabi/lib/thumb/v7-m\libc.a(lib_a-fwalk.o)
                0x080085b0                _fwalk_reent
 .text._localeconv_r
                0x08008600       0x1c c:/ac6_stm32/systemworkbench/plugins/fr.ac6.mcu.externaltools.arm-none.win32_1.15.0.201708311556/tools/compiler/bin/../lib/gcc/arm-none-eabi/6.3.1/../../../../arm-none-eabi/lib/thumb/v7-m\libc.a(lib_a-localeconv.o)
                0x08008600                _localeconv_r
 .text.__retarget_lock_init_recursive
                0x0800861c        0x4 c:/ac6_stm32/systemworkbench/plugins/fr.ac6.mcu.externaltools.arm-none.win32_1.15.0.201708311556/tools/compiler/bin/../lib/gcc/arm-none-eabi/6.3.1/../../../../arm-none-eabi/lib/thumb/v7-m\libc.a(lib_a-lock.o)
                0x0800861c                __retarget_lock_init_recursive
 .text.__retarget_lock_close_recursive
                0x08008620        0x4 c:/ac6_stm32/systemworkbench/plugins/fr.ac6.mcu.externaltools.arm-none.win32_1.15.0.201708311556/tools/compiler/bin/../lib/gcc/arm-none-eabi/6.3.1/../../../../arm-none-eabi/lib/thumb/v7-m\libc.a(lib_a-lock.o)
                0x08008620                __retarget_lock_close_recursive
 .text.__retarget_lock_acquire_recursive
                0x08008624        0x4 c:/ac6_stm32/systemworkbench/plugins/fr.ac6.mcu.externaltools.arm-none.win32_1.15.0.201708311556/tools/compiler/bin/../lib/gcc/arm-none-eabi/6.3.1/../../../../arm-none-eabi/lib/thumb/v7-m\libc.a(lib_a-lock.o)
                0x08008624                __retarget_lock_acquire_recursive
 .text.__retarget_lock_release_recursive
                0x08008628        0x4 c:/ac6_stm32/systemworkbench/plugins/fr.ac6.mcu.externaltools.arm-none.win32_1.15.0.201708311556/tools/compiler/bin/../lib/gcc/arm-none-eabi/6.3.1/../../../../arm-none-eabi/lib/thumb/v7-m\libc.a(lib_a-lock.o)
                0x08008628                __retarget_lock_release_recursive
 .text.__swhatbuf_r
                0x0800862c       0x5c c:/ac6_stm32/systemworkbench/plugins/fr.ac6.mcu.externaltools.arm-none.win32_1.15.0.201708311556/tools/compiler/bin/../lib/gcc/arm-none-eabi/6.3.1/../../../../arm-none-eabi/lib/thumb/v7-m\libc.a(lib_a-makebuf.o)
                0x0800862c                __swhatbuf_r
 .text.__smakebuf_r
                0x08008688       0x94 c:/ac6_stm32/systemworkbench/plugins/fr.ac6.mcu.externaltools.arm-none.win32_1.15.0.201708311556/tools/compiler/bin/../lib/gcc/arm-none-eabi/6.3.1/../../../../arm-none-eabi/lib/thumb/v7-m\libc.a(lib_a-makebuf.o)
                0x08008688                __smakebuf_r
 .text.memchr   0x0800871c       0x8c c:/ac6_stm32/systemworkbench/plugins/fr.ac6.mcu.externaltools.arm-none.win32_1.15.0.201708311556/tools/compiler/bin/../lib/gcc/arm-none-eabi/6.3.1/../../../../arm-none-eabi/lib/thumb/v7-m\libc.a(lib_a-memchr-stub.o)
                0x0800871c                memchr
 .text.memmove  0x080087a8       0xc8 c:/ac6_stm32/systemworkbench/plugins/fr.ac6.mcu.externaltools.arm-none.win32_1.15.0.201708311556/tools/compiler/bin/../lib/gcc/arm-none-eabi/6.3.1/../../../../arm-none-eabi/lib/thumb/v7-m\libc.a(lib_a-memmove.o)
                0x080087a8                memmove
 .text._Balloc  0x08008870       0x4c c:/ac6_stm32/systemworkbench/plugins/fr.ac6.mcu.externaltools.arm-none.win32_1.15.0.201708311556/tools/compiler/bin/../lib/gcc/arm-none-eabi/6.3.1/../../../../arm-none-eabi/lib/thumb/v7-m\libc.a(lib_a-mprec.o)
                0x08008870                _Balloc
 .text._Bfree   0x080088bc       0x14 c:/ac6_stm32/systemworkbench/plugins/fr.ac6.mcu.externaltools.arm-none.win32_1.15.0.201708311556/tools/compiler/bin/../lib/gcc/arm-none-eabi/6.3.1/../../../../arm-none-eabi/lib/thumb/v7-m\libc.a(lib_a-mprec.o)
                0x080088bc                _Bfree
 .text.__multadd
                0x080088d0       0x84 c:/ac6_stm32/systemworkbench/plugins/fr.ac6.mcu.externaltools.arm-none.win32_1.15.0.201708311556/tools/compiler/bin/../lib/gcc/arm-none-eabi/6.3.1/../../../../arm-none-eabi/lib/thumb/v7-m\libc.a(lib_a-mprec.o)
                0x080088d0                __multadd
 .text.__hi0bits
                0x08008954       0x40 c:/ac6_stm32/systemworkbench/plugins/fr.ac6.mcu.externaltools.arm-none.win32_1.15.0.201708311556/tools/compiler/bin/../lib/gcc/arm-none-eabi/6.3.1/../../../../arm-none-eabi/lib/thumb/v7-m\libc.a(lib_a-mprec.o)
                0x08008954                __hi0bits
 .text.__lo0bits
                0x08008994       0x60 c:/ac6_stm32/systemworkbench/plugins/fr.ac6.mcu.externaltools.arm-none.win32_1.15.0.201708311556/tools/compiler/bin/../lib/gcc/arm-none-eabi/6.3.1/../../../../arm-none-eabi/lib/thumb/v7-m\libc.a(lib_a-mprec.o)
                0x08008994                __lo0bits
 .text.__i2b    0x080089f4       0x14 c:/ac6_stm32/systemworkbench/plugins/fr.ac6.mcu.externaltools.arm-none.win32_1.15.0.201708311556/tools/compiler/bin/../lib/gcc/arm-none-eabi/6.3.1/../../../../arm-none-eabi/lib/thumb/v7-m\libc.a(lib_a-mprec.o)
                0x080089f4                __i2b
 .text.__multiply
                0x08008a08      0x124 c:/ac6_stm32/systemworkbench/plugins/fr.ac6.mcu.externaltools.arm-none.win32_1.15.0.201708311556/tools/compiler/bin/../lib/gcc/arm-none-eabi/6.3.1/../../../../arm-none-eabi/lib/thumb/v7-m\libc.a(lib_a-mprec.o)
                0x08008a08                __multiply
 .text.__pow5mult
                0x08008b2c       0xa0 c:/ac6_stm32/systemworkbench/plugins/fr.ac6.mcu.externaltools.arm-none.win32_1.15.0.201708311556/tools/compiler/bin/../lib/gcc/arm-none-eabi/6.3.1/../../../../arm-none-eabi/lib/thumb/v7-m\libc.a(lib_a-mprec.o)
                0x08008b2c                __pow5mult
 .text.__lshift
                0x08008bcc       0xa0 c:/ac6_stm32/systemworkbench/plugins/fr.ac6.mcu.externaltools.arm-none.win32_1.15.0.201708311556/tools/compiler/bin/../lib/gcc/arm-none-eabi/6.3.1/../../../../arm-none-eabi/lib/thumb/v7-m\libc.a(lib_a-mprec.o)
                0x08008bcc                __lshift
 .text.__mcmp   0x08008c6c       0x38 c:/ac6_stm32/systemworkbench/plugins/fr.ac6.mcu.externaltools.arm-none.win32_1.15.0.201708311556/tools/compiler/bin/../lib/gcc/arm-none-eabi/6.3.1/../../../../arm-none-eabi/lib/thumb/v7-m\libc.a(lib_a-mprec.o)
                0x08008c6c                __mcmp
 .text.__mdiff  0x08008ca4      0x11c c:/ac6_stm32/systemworkbench/plugins/fr.ac6.mcu.externaltools.arm-none.win32_1.15.0.201708311556/tools/compiler/bin/../lib/gcc/arm-none-eabi/6.3.1/../../../../arm-none-eabi/lib/thumb/v7-m\libc.a(lib_a-mprec.o)
                0x08008ca4                __mdiff
 .text.__d2b    0x08008dc0       0xa8 c:/ac6_stm32/systemworkbench/plugins/fr.ac6.mcu.externaltools.arm-none.win32_1.15.0.201708311556/tools/compiler/bin/../lib/gcc/arm-none-eabi/6.3.1/../../../../arm-none-eabi/lib/thumb/v7-m\libc.a(lib_a-mprec.o)
                0x08008dc0                __d2b
 .text._putc_r  0x08008e68       0x70 c:/ac6_stm32/systemworkbench/plugins/fr.ac6.mcu.externaltools.arm-none.win32_1.15.0.201708311556/tools/compiler/bin/../lib/gcc/arm-none-eabi/6.3.1/../../../../arm-none-eabi/lib/thumb/v7-m\libc.a(lib_a-putc.o)
                0x08008e68                _putc_r
 .text._realloc_r
                0x08008ed8      0x36c c:/ac6_stm32/systemworkbench/plugins/fr.ac6.mcu.externaltools.arm-none.win32_1.15.0.201708311556/tools/compiler/bin/../lib/gcc/arm-none-eabi/6.3.1/../../../../arm-none-eabi/lib/thumb/v7-m\libc.a(lib_a-reallocr.o)
                0x08008ed8                _realloc_r
 .text.__sread  0x08009244       0x24 c:/ac6_stm32/systemworkbench/plugins/fr.ac6.mcu.externaltools.arm-none.win32_1.15.0.201708311556/tools/compiler/bin/../lib/gcc/arm-none-eabi/6.3.1/../../../../arm-none-eabi/lib/thumb/v7-m\libc.a(lib_a-stdio.o)
                0x08009244                __sread
 .text.__swrite
                0x08009268       0x3c c:/ac6_stm32/systemworkbench/plugins/fr.ac6.mcu.externaltools.arm-none.win32_1.15.0.201708311556/tools/compiler/bin/../lib/gcc/arm-none-eabi/6.3.1/../../../../arm-none-eabi/lib/thumb/v7-m\libc.a(lib_a-stdio.o)
                0x08009268                __swrite
 .text.__sseek  0x080092a4       0x20 c:/ac6_stm32/systemworkbench/plugins/fr.ac6.mcu.externaltools.arm-none.win32_1.15.0.201708311556/tools/compiler/bin/../lib/gcc/arm-none-eabi/6.3.1/../../../../arm-none-eabi/lib/thumb/v7-m\libc.a(lib_a-stdio.o)
                0x080092a4                __sseek
 .text.__sclose
                0x080092c4        0x8 c:/ac6_stm32/systemworkbench/plugins/fr.ac6.mcu.externaltools.arm-none.win32_1.15.0.201708311556/tools/compiler/bin/../lib/gcc/arm-none-eabi/6.3.1/../../../../arm-none-eabi/lib/thumb/v7-m\libc.a(lib_a-stdio.o)
                0x080092c4                __sclose
 .text.__sprint_r.part.0
                0x080092cc       0x80 c:/ac6_stm32/systemworkbench/plugins/fr.ac6.mcu.externaltools.arm-none.win32_1.15.0.201708311556/tools/compiler/bin/../lib/gcc/arm-none-eabi/6.3.1/../../../../arm-none-eabi/lib/thumb/v7-m\libc.a(lib_a-vfiprintf.o)
 .text.__sprint_r
                0x0800934c       0x14 c:/ac6_stm32/systemworkbench/plugins/fr.ac6.mcu.externaltools.arm-none.win32_1.15.0.201708311556/tools/compiler/bin/../lib/gcc/arm-none-eabi/6.3.1/../../../../arm-none-eabi/lib/thumb/v7-m\libc.a(lib_a-vfiprintf.o)
                0x0800934c                __sprint_r
 .text.__swbuf_r
                0x08009360       0xb0 c:/ac6_stm32/systemworkbench/plugins/fr.ac6.mcu.externaltools.arm-none.win32_1.15.0.201708311556/tools/compiler/bin/../lib/gcc/arm-none-eabi/6.3.1/../../../../arm-none-eabi/lib/thumb/v7-m\libc.a(lib_a-wbuf.o)
                0x08009360                __swbuf_r
 .text._write_r
                0x08009410       0x2c c:/ac6_stm32/systemworkbench/plugins/fr.ac6.mcu.externaltools.arm-none.win32_1.15.0.201708311556/tools/compiler/bin/../lib/gcc/arm-none-eabi/6.3.1/../../../../arm-none-eabi/lib/thumb/v7-m\libc.a(lib_a-writer.o)
                0x08009410                _write_r
 .text.__register_exitproc
                0x0800943c       0xc4 c:/ac6_stm32/systemworkbench/plugins/fr.ac6.mcu.externaltools.arm-none.win32_1.15.0.201708311556/tools/compiler/bin/../lib/gcc/arm-none-eabi/6.3.1/../../../../arm-none-eabi/lib/thumb/v7-m\libc.a(lib_a-__atexit.o)
                0x0800943c                __register_exitproc
 .text._calloc_r
                0x08009500       0x60 c:/ac6_stm32/systemworkbench/plugins/fr.ac6.mcu.externaltools.arm-none.win32_1.15.0.201708311556/tools/compiler/bin/../lib/gcc/arm-none-eabi/6.3.1/../../../../arm-none-eabi/lib/thumb/v7-m\libc.a(lib_a-callocr.o)
                0x08009500                _calloc_r
 .text._close_r
                0x08009560       0x24 c:/ac6_stm32/systemworkbench/plugins/fr.ac6.mcu.externaltools.arm-none.win32_1.15.0.201708311556/tools/compiler/bin/../lib/gcc/arm-none-eabi/6.3.1/../../../../arm-none-eabi/lib/thumb/v7-m\libc.a(lib_a-closer.o)
                0x08009560                _close_r
 .text._fclose_r
                0x08009584       0xc4 c:/ac6_stm32/systemworkbench/plugins/fr.ac6.mcu.externaltools.arm-none.win32_1.15.0.201708311556/tools/compiler/bin/../lib/gcc/arm-none-eabi/6.3.1/../../../../arm-none-eabi/lib/thumb/v7-m\libc.a(lib_a-fclose.o)
                0x08009584                _fclose_r
 .text.__fputwc
                0x08009648       0x98 c:/ac6_stm32/systemworkbench/plugins/fr.ac6.mcu.externaltools.arm-none.win32_1.15.0.201708311556/tools/compiler/bin/../lib/gcc/arm-none-eabi/6.3.1/../../../../arm-none-eabi/lib/thumb/v7-m\libc.a(lib_a-fputwc.o)
                0x08009648                __fputwc
 .text._fputwc_r
                0x080096e0       0x68 c:/ac6_stm32/systemworkbench/plugins/fr.ac6.mcu.externaltools.arm-none.win32_1.15.0.201708311556/tools/compiler/bin/../lib/gcc/arm-none-eabi/6.3.1/../../../../arm-none-eabi/lib/thumb/v7-m\libc.a(lib_a-fputwc.o)
                0x080096e0                _fputwc_r
 .text._fstat_r
                0x08009748       0x28 c:/ac6_stm32/systemworkbench/plugins/fr.ac6.mcu.externaltools.arm-none.win32_1.15.0.201708311556/tools/compiler/bin/../lib/gcc/arm-none-eabi/6.3.1/../../../../arm-none-eabi/lib/thumb/v7-m\libc.a(lib_a-fstatr.o)
                0x08009748                _fstat_r
 .text._isatty_r
                0x08009770       0x24 c:/ac6_stm32/systemworkbench/plugins/fr.ac6.mcu.externaltools.arm-none.win32_1.15.0.201708311556/tools/compiler/bin/../lib/gcc/arm-none-eabi/6.3.1/../../../../arm-none-eabi/lib/thumb/v7-m\libc.a(lib_a-isattyr.o)
                0x08009770                _isatty_r
 .text.__locale_mb_cur_max
                0x08009794       0x1c c:/ac6_stm32/systemworkbench/plugins/fr.ac6.mcu.externaltools.arm-none.win32_1.15.0.201708311556/tools/compiler/bin/../lib/gcc/arm-none-eabi/6.3.1/../../../../arm-none-eabi/lib/thumb/v7-m\libc.a(lib_a-locale.o)
                0x08009794                __locale_mb_cur_max
 .text._lseek_r
                0x080097b0       0x2c c:/ac6_stm32/systemworkbench/plugins/fr.ac6.mcu.externaltools.arm-none.win32_1.15.0.201708311556/tools/compiler/bin/../lib/gcc/arm-none-eabi/6.3.1/../../../../arm-none-eabi/lib/thumb/v7-m\libc.a(lib_a-lseekr.o)
                0x080097b0                _lseek_r
 .text.__ascii_mbtowc
                0x080097dc       0x2c c:/ac6_stm32/systemworkbench/plugins/fr.ac6.mcu.externaltools.arm-none.win32_1.15.0.201708311556/tools/compiler/bin/../lib/gcc/arm-none-eabi/6.3.1/../../../../arm-none-eabi/lib/thumb/v7-m\libc.a(lib_a-mbtowc_r.o)
                0x080097dc                __ascii_mbtowc
 .text._read_r  0x08009808       0x2c c:/ac6_stm32/systemworkbench/plugins/fr.ac6.mcu.externaltools.arm-none.win32_1.15.0.201708311556/tools/compiler/bin/../lib/gcc/arm-none-eabi/6.3.1/../../../../arm-none-eabi/lib/thumb/v7-m\libc.a(lib_a-readr.o)
                0x08009808                _read_r
 .text._wcrtomb_r
                0x08009834       0x54 c:/ac6_stm32/systemworkbench/plugins/fr.ac6.mcu.externaltools.arm-none.win32_1.15.0.201708311556/tools/compiler/bin/../lib/gcc/arm-none-eabi/6.3.1/../../../../arm-none-eabi/lib/thumb/v7-m\libc.a(lib_a-wcrtomb.o)
                0x08009834                _wcrtomb_r
 .text.__ascii_wctomb
                0x08009888       0x18 c:/ac6_stm32/systemworkbench/plugins/fr.ac6.mcu.externaltools.arm-none.win32_1.15.0.201708311556/tools/compiler/bin/../lib/gcc/arm-none-eabi/6.3.1/../../../../arm-none-eabi/lib/thumb/v7-m\libc.a(lib_a-wctomb_r.o)
                0x08009888                __ascii_wctomb
 *(.glue_7)
 .glue_7        0x080098a0        0x0 linker stubs
 *(.glue_7t)
 .glue_7t       0x080098a0        0x0 linker stubs
 *(.eh_frame)
 .eh_frame      0x080098a0        0x0 c:/ac6_stm32/systemworkbench/plugins/fr.ac6.mcu.externaltools.arm-none.win32_1.15.0.201708311556/tools/compiler/bin/../lib/gcc/arm-none-eabi/6.3.1/thumb/v7-m/crtbegin.o
 *(.init)
 .init          0x080098a0        0x4 c:/ac6_stm32/systemworkbench/plugins/fr.ac6.mcu.externaltools.arm-none.win32_1.15.0.201708311556/tools/compiler/bin/../lib/gcc/arm-none-eabi/6.3.1/thumb/v7-m/crti.o
                0x080098a0                _init
 .init          0x080098a4        0x8 c:/ac6_stm32/systemworkbench/plugins/fr.ac6.mcu.externaltools.arm-none.win32_1.15.0.201708311556/tools/compiler/bin/../lib/gcc/arm-none-eabi/6.3.1/thumb/v7-m/crtn.o
 *(.fini)
 .fini          0x080098ac        0x4 c:/ac6_stm32/systemworkbench/plugins/fr.ac6.mcu.externaltools.arm-none.win32_1.15.0.201708311556/tools/compiler/bin/../lib/gcc/arm-none-eabi/6.3.1/thumb/v7-m/crti.o
                0x080098ac                _fini
 .fini          0x080098b0        0x8 c:/ac6_stm32/systemworkbench/plugins/fr.ac6.mcu.externaltools.arm-none.win32_1.15.0.201708311556/tools/compiler/bin/../lib/gcc/arm-none-eabi/6.3.1/thumb/v7-m/crtn.o
                0x080098b8                . = ALIGN (0x4)
                0x080098b8                _etext = .

.vfp11_veneer   0x080098b8        0x0
 .vfp11_veneer  0x080098b8        0x0 linker stubs

.v4_bx          0x080098b8        0x0
 .v4_bx         0x080098b8        0x0 linker stubs

.iplt           0x080098b8        0x0
 .iplt          0x080098b8        0x0 c:/ac6_stm32/systemworkbench/plugins/fr.ac6.mcu.externaltools.arm-none.win32_1.15.0.201708311556/tools/compiler/bin/../lib/gcc/arm-none-eabi/6.3.1/thumb/v7-m/crtbegin.o

.rodata         0x080098b8      0x5f0
                0x080098b8                . = ALIGN (0x4)
 *(.rodata)
 .rodata        0x080098b8      0x2d1 lib/bsp/stm32f1_sys.o
 *fill*         0x08009b89        0x3 
 .rodata        0x08009b8c       0x65 lib/bsp/stm32f1_uart.o
 *fill*         0x08009bf1        0x3 
 .rodata        0x08009bf4       0x22 lib/hal/src/stm32f1xx_hal_rcc.o
                0x08009bf4                aAPBAHBPrescTable
 *(.rodata*)
 *fill*         0x08009c16        0x2 
 .rodata._global_impure_ptr
                0x08009c18        0x4 c:/ac6_stm32/systemworkbench/plugins/fr.ac6.mcu.externaltools.arm-none.win32_1.15.0.201708311556/tools/compiler/bin/../lib/gcc/arm-none-eabi/6.3.1/../../../../arm-none-eabi/lib/thumb/v7-m\libc.a(lib_a-impure.o)
                0x08009c18                _global_impure_ptr
 .rodata._puts_r.str1.4
                0x08009c1c        0x2 c:/ac6_stm32/systemworkbench/plugins/fr.ac6.mcu.externaltools.arm-none.win32_1.15.0.201708311556/tools/compiler/bin/../lib/gcc/arm-none-eabi/6.3.1/../../../../arm-none-eabi/lib/thumb/v7-m\libc.a(lib_a-puts.o)
 *fill*         0x08009c1e        0x2 
 .rodata._vfprintf_r.str1.4
                0x08009c20       0x42 c:/ac6_stm32/systemworkbench/plugins/fr.ac6.mcu.externaltools.arm-none.win32_1.15.0.201708311556/tools/compiler/bin/../lib/gcc/arm-none-eabi/6.3.1/../../../../arm-none-eabi/lib/thumb/v7-m\libc.a(lib_a-vfprintf.o)
 *fill*         0x08009c62        0x2 
 .rodata.blanks.7238
                0x08009c64       0x10 c:/ac6_stm32/systemworkbench/plugins/fr.ac6.mcu.externaltools.arm-none.win32_1.15.0.201708311556/tools/compiler/bin/../lib/gcc/arm-none-eabi/6.3.1/../../../../arm-none-eabi/lib/thumb/v7-m\libc.a(lib_a-vfprintf.o)
 .rodata.zeroes.7239
                0x08009c74       0x10 c:/ac6_stm32/systemworkbench/plugins/fr.ac6.mcu.externaltools.arm-none.win32_1.15.0.201708311556/tools/compiler/bin/../lib/gcc/arm-none-eabi/6.3.1/../../../../arm-none-eabi/lib/thumb/v7-m\libc.a(lib_a-vfprintf.o)
 .rodata._dtoa_r.str1.4
                0x08009c84       0x10 c:/ac6_stm32/systemworkbench/plugins/fr.ac6.mcu.externaltools.arm-none.win32_1.15.0.201708311556/tools/compiler/bin/../lib/gcc/arm-none-eabi/6.3.1/../../../../arm-none-eabi/lib/thumb/v7-m\libc.a(lib_a-dtoa.o)
                                 0x12 (size before relaxing)
 *fill*         0x08009c94        0x4 
 .rodata.__mprec_bigtens
                0x08009c98       0x28 c:/ac6_stm32/systemworkbench/plugins/fr.ac6.mcu.externaltools.arm-none.win32_1.15.0.201708311556/tools/compiler/bin/../lib/gcc/arm-none-eabi/6.3.1/../../../../arm-none-eabi/lib/thumb/v7-m\libc.a(lib_a-mprec.o)
                0x08009c98                __mprec_bigtens
 .rodata.__mprec_tens
                0x08009cc0       0xc8 c:/ac6_stm32/systemworkbench/plugins/fr.ac6.mcu.externaltools.arm-none.win32_1.15.0.201708311556/tools/compiler/bin/../lib/gcc/arm-none-eabi/6.3.1/../../../../arm-none-eabi/lib/thumb/v7-m\libc.a(lib_a-mprec.o)
                0x08009cc0                __mprec_tens
 .rodata.p05.6055
                0x08009d88        0xc c:/ac6_stm32/systemworkbench/plugins/fr.ac6.mcu.externaltools.arm-none.win32_1.15.0.201708311556/tools/compiler/bin/../lib/gcc/arm-none-eabi/6.3.1/../../../../arm-none-eabi/lib/thumb/v7-m\libc.a(lib_a-mprec.o)
 .rodata._setlocale_r.str1.4
                0x08009d94        0xa c:/ac6_stm32/systemworkbench/plugins/fr.ac6.mcu.externaltools.arm-none.win32_1.15.0.201708311556/tools/compiler/bin/../lib/gcc/arm-none-eabi/6.3.1/../../../../arm-none-eabi/lib/thumb/v7-m\libc.a(lib_a-locale.o)
                                  0xd (size before relaxing)
 *fill*         0x08009d9e        0x2 
 .rodata.str1.4
                0x08009da0        0x4 c:/ac6_stm32/systemworkbench/plugins/fr.ac6.mcu.externaltools.arm-none.win32_1.15.0.201708311556/tools/compiler/bin/../lib/gcc/arm-none-eabi/6.3.1/../../../../arm-none-eabi/lib/thumb/v7-m\libc.a(lib_a-locale.o)
                                  0x2 (size before relaxing)
 .rodata._ctype_
                0x08009da4      0x101 c:/ac6_stm32/systemworkbench/plugins/fr.ac6.mcu.externaltools.arm-none.win32_1.15.0.201708311556/tools/compiler/bin/../lib/gcc/arm-none-eabi/6.3.1/../../../../arm-none-eabi/lib/thumb/v7-m\libc.a(lib_a-ctype_.o)
                0x08009da4                _ctype_
                0x08009ea8                . = ALIGN (0x4)
 *fill*         0x08009ea5        0x3 

.ARM.extab
 *(.ARM.extab* .gnu.linkonce.armextab.*)

.ARM            0x08009ea8        0x8
                0x08009ea8                __exidx_start = .
 *(.ARM.exidx*)
 .ARM.exidx     0x08009ea8        0x8 c:/ac6_stm32/systemworkbench/plugins/fr.ac6.mcu.externaltools.arm-none.win32_1.15.0.201708311556/tools/compiler/bin/../lib/gcc/arm-none-eabi/6.3.1/thumb/v7-m\libgcc.a(_udivmoddi4.o)
                0x08009eb0                __exidx_end = .

.rel.dyn        0x08009eb0        0x0
 .rel.iplt      0x08009eb0        0x0 c:/ac6_stm32/systemworkbench/plugins/fr.ac6.mcu.externaltools.arm-none.win32_1.15.0.201708311556/tools/compiler/bin/../lib/gcc/arm-none-eabi/6.3.1/thumb/v7-m/crtbegin.o

.preinit_array  0x08009eb0        0x0
                0x08009eb0                PROVIDE (__preinit_array_start, .)
 *(.preinit_array*)
                0x08009eb0                PROVIDE (__preinit_array_end, .)

.init_array     0x08009eb0        0x8
                0x08009eb0                PROVIDE (__init_array_start, .)
 *(SORT(.init_array.*))
 .init_array.00000
                0x08009eb0        0x4 c:/ac6_stm32/systemworkbench/plugins/fr.ac6.mcu.externaltools.arm-none.win32_1.15.0.201708311556/tools/compiler/bin/../lib/gcc/arm-none-eabi/6.3.1/../../../../arm-none-eabi/lib/thumb/v7-m\libc.a(lib_a-__call_atexit.o)
 *(.init_array*)
 .init_array    0x08009eb4        0x4 c:/ac6_stm32/systemworkbench/plugins/fr.ac6.mcu.externaltools.arm-none.win32_1.15.0.201708311556/tools/compiler/bin/../lib/gcc/arm-none-eabi/6.3.1/thumb/v7-m/crtbegin.o
                0x08009eb8                PROVIDE (__init_array_end, .)

.fini_array     0x08009eb8        0x4
                0x08009eb8                PROVIDE (__fini_array_start, .)
 *(SORT(.fini_array.*))
 *(.fini_array*)
 .fini_array    0x08009eb8        0x4 c:/ac6_stm32/systemworkbench/plugins/fr.ac6.mcu.externaltools.arm-none.win32_1.15.0.201708311556/tools/compiler/bin/../lib/gcc/arm-none-eabi/6.3.1/thumb/v7-m/crtbegin.o
                0x08009ebc                PROVIDE (__fini_array_end, .)
                0x08009ebc                _sidata = LOADADDR (.data)

.data           0x20000000      0x9d0 load address 0x08009ebc
                0x20000000                . = ALIGN (0x4)
                0x20000000                _sdata = .
 *(.data)
 .data          0x20000000        0xc lib/bsp/stm32f1_uart.o
 .data          0x2000000c       0x14 lib/bsp/system_stm32f1xx.o
                0x2000000c                SystemCoreClock
                0x20000010                AHBPrescTable
 *(.data*)
 .data._impure_ptr
                0x20000020        0x4 c:/ac6_stm32/systemworkbench/plugins/fr.ac6.mcu.externaltools.arm-none.win32_1.15.0.201708311556/tools/compiler/bin/../lib/gcc/arm-none-eabi/6.3.1/../../../../arm-none-eabi/lib/thumb/v7-m\libc.a(lib_a-impure.o)
                0x20000020                _impure_ptr
 *fill*         0x20000024        0x4 
 .data.impure_data
                0x20000028      0x428 c:/ac6_stm32/systemworkbench/plugins/fr.ac6.mcu.externaltools.arm-none.win32_1.15.0.201708311556/tools/compiler/bin/../lib/gcc/arm-none-eabi/6.3.1/../../../../arm-none-eabi/lib/thumb/v7-m\libc.a(lib_a-impure.o)
 .data.__malloc_av_
                0x20000450      0x408 c:/ac6_stm32/systemworkbench/plugins/fr.ac6.mcu.externaltools.arm-none.win32_1.15.0.201708311556/tools/compiler/bin/../lib/gcc/arm-none-eabi/6.3.1/../../../../arm-none-eabi/lib/thumb/v7-m\libc.a(lib_a-mallocr.o)
                0x20000450                __malloc_av_
 .data.__malloc_sbrk_base
                0x20000858        0x4 c:/ac6_stm32/systemworkbench/plugins/fr.ac6.mcu.externaltools.arm-none.win32_1.15.0.201708311556/tools/compiler/bin/../lib/gcc/arm-none-eabi/6.3.1/../../../../arm-none-eabi/lib/thumb/v7-m\libc.a(lib_a-mallocr.o)
                0x20000858                __malloc_sbrk_base
 .data.__malloc_trim_threshold
                0x2000085c        0x4 c:/ac6_stm32/systemworkbench/plugins/fr.ac6.mcu.externaltools.arm-none.win32_1.15.0.201708311556/tools/compiler/bin/../lib/gcc/arm-none-eabi/6.3.1/../../../../arm-none-eabi/lib/thumb/v7-m\libc.a(lib_a-mallocr.o)
                0x2000085c                __malloc_trim_threshold
 .data.__atexit_recursive_mutex
                0x20000860        0x4 c:/ac6_stm32/systemworkbench/plugins/fr.ac6.mcu.externaltools.arm-none.win32_1.15.0.201708311556/tools/compiler/bin/../lib/gcc/arm-none-eabi/6.3.1/../../../../arm-none-eabi/lib/thumb/v7-m\libc.a(lib_a-__call_atexit.o)
                0x20000860                __atexit_recursive_mutex
 .data.__global_locale
                0x20000864      0x16c c:/ac6_stm32/systemworkbench/plugins/fr.ac6.mcu.externaltools.arm-none.win32_1.15.0.201708311556/tools/compiler/bin/../lib/gcc/arm-none-eabi/6.3.1/../../../../arm-none-eabi/lib/thumb/v7-m\libc.a(lib_a-locale.o)
                0x20000864                __global_locale
                0x200009d0                . = ALIGN (0x4)
                0x200009d0                _edata = .

.jcr            0x200009d0        0x0 load address 0x0800a88c
 .jcr           0x200009d0        0x0 c:/ac6_stm32/systemworkbench/plugins/fr.ac6.mcu.externaltools.arm-none.win32_1.15.0.201708311556/tools/compiler/bin/../lib/gcc/arm-none-eabi/6.3.1/thumb/v7-m/crtbegin.o

.igot.plt       0x200009d0        0x0 load address 0x0800a88c
 .igot.plt      0x200009d0        0x0 c:/ac6_stm32/systemworkbench/plugins/fr.ac6.mcu.externaltools.arm-none.win32_1.15.0.201708311556/tools/compiler/bin/../lib/gcc/arm-none-eabi/6.3.1/thumb/v7-m/crtbegin.o
                0x200009d0                . = ALIGN (0x4)

.bss            0x200009d0      0x524 load address 0x0800a88c
                0x200009d0                _sbss = .
                0x200009d0                __bss_start__ = _sbss
 *(.bss)
 .bss           0x200009d0       0x1c c:/ac6_stm32/systemworkbench/plugins/fr.ac6.mcu.externaltools.arm-none.win32_1.15.0.201708311556/tools/compiler/bin/../lib/gcc/arm-none-eabi/6.3.1/thumb/v7-m/crtbegin.o
 .bss           0x200009ec       0x30 appli/adc.o
 .bss           0x20000a1c       0xcd lib/bsp/stm32f1_adc.o
 *fill*         0x20000ae9        0x3 
 .bss           0x20000aec        0xc lib/bsp/stm32f1_sys.o
                0x20000af0                __env
 .bss           0x20000af8       0xf0 lib/bsp/stm32f1_timer.o
 .bss           0x20000be8      0x25c lib/bsp/stm32f1_uart.o
 .bss           0x20000e44       0x44 lib/bsp/systick.o
 .bss           0x20000e88        0x4 lib/hal/src/stm32f1xx_hal.o
 *(.bss*)
 .bss.__malloc_current_mallinfo
                0x20000e8c       0x28 c:/ac6_stm32/systemworkbench/plugins/fr.ac6.mcu.externaltools.arm-none.win32_1.15.0.201708311556/tools/compiler/bin/../lib/gcc/arm-none-eabi/6.3.1/../../../../arm-none-eabi/lib/thumb/v7-m\libc.a(lib_a-mallocr.o)
                0x20000e8c                __malloc_current_mallinfo
 .bss.__malloc_max_sbrked_mem
                0x20000eb4        0x4 c:/ac6_stm32/systemworkbench/plugins/fr.ac6.mcu.externaltools.arm-none.win32_1.15.0.201708311556/tools/compiler/bin/../lib/gcc/arm-none-eabi/6.3.1/../../../../arm-none-eabi/lib/thumb/v7-m\libc.a(lib_a-mallocr.o)
                0x20000eb4                __malloc_max_sbrked_mem
 .bss.__malloc_max_total_mem
                0x20000eb8        0x4 c:/ac6_stm32/systemworkbench/plugins/fr.ac6.mcu.externaltools.arm-none.win32_1.15.0.201708311556/tools/compiler/bin/../lib/gcc/arm-none-eabi/6.3.1/../../../../arm-none-eabi/lib/thumb/v7-m\libc.a(lib_a-mallocr.o)
                0x20000eb8                __malloc_max_total_mem
 .bss.__malloc_top_pad
                0x20000ebc        0x4 c:/ac6_stm32/systemworkbench/plugins/fr.ac6.mcu.externaltools.arm-none.win32_1.15.0.201708311556/tools/compiler/bin/../lib/gcc/arm-none-eabi/6.3.1/../../../../arm-none-eabi/lib/thumb/v7-m\libc.a(lib_a-mallocr.o)
                0x20000ebc                __malloc_top_pad
 *(COMMON)
 COMMON         0x20000ec0        0x4 appli/main.o
                0x20000ec0                ack
                0x20000ec1                lowByteVal
                0x20000ec2                interupt
                0x20000ec3                highByteVal
 COMMON         0x20000ec4        0x6 appli/sensor.o
                0x20000ec4                sensorAnalogVal
                0x20000ec6                temp
                0x20000ec8                str
 *fill*         0x20000eca        0x2 
 COMMON         0x20000ecc       0x21 c:/ac6_stm32/systemworkbench/plugins/fr.ac6.mcu.externaltools.arm-none.win32_1.15.0.201708311556/tools/compiler/bin/../lib/gcc/arm-none-eabi/6.3.1/../../../../arm-none-eabi/lib/thumb/v7-m\libc.a(lib_a-lock.o)
                0x20000ecc                __lock___atexit_recursive_mutex
                0x20000ed0                __lock___arc4random_mutex
                0x20000ed4                __lock___env_recursive_mutex
                0x20000ed8                __lock___sinit_recursive_mutex
                0x20000edc                __lock___malloc_recursive_mutex
                0x20000ee0                __lock___at_quick_exit_mutex
                0x20000ee4                __lock___dd_hash_mutex
                0x20000ee8                __lock___tz_mutex
                0x20000eec                __lock___sfp_recursive_mutex
 *fill*         0x20000eed        0x3 
 COMMON         0x20000ef0        0x4 c:/ac6_stm32/systemworkbench/plugins/fr.ac6.mcu.externaltools.arm-none.win32_1.15.0.201708311556/tools/compiler/bin/../lib/gcc/arm-none-eabi/6.3.1/../../../../arm-none-eabi/lib/thumb/v7-m\libc.a(lib_a-reent.o)
                0x20000ef0                errno
                0x20000ef4                . = ALIGN (0x4)
                0x20000ef4                _ebss = .
                0x20000ef4                __bss_end__ = _ebss

._user_heap_stack
                0x20000ef4      0x604 load address 0x0800a88c
                0x20000ef8                . = ALIGN (0x8)
 *fill*         0x20000ef4        0x4 
                0x20000ef8                PROVIDE (end, .)
                [!provide]                PROVIDE (_end, .)
                0x200010f8                . = (. + _Min_Heap_Size)
 *fill*         0x20000ef8      0x200 
                0x200014f8                . = (. + _Min_Stack_Size)
 *fill*         0x200010f8      0x400 
                0x200014f8                . = ALIGN (0x8)

/DISCARD/
 libc.a(*)
 libm.a(*)
 libgcc.a(*)

.ARM.attributes
                0x00000000       0x29
 *(.ARM.attributes)
 .ARM.attributes
                0x00000000       0x1d c:/ac6_stm32/systemworkbench/plugins/fr.ac6.mcu.externaltools.arm-none.win32_1.15.0.201708311556/tools/compiler/bin/../lib/gcc/arm-none-eabi/6.3.1/thumb/v7-m/crti.o
 .ARM.attributes
                0x0000001d       0x2d c:/ac6_stm32/systemworkbench/plugins/fr.ac6.mcu.externaltools.arm-none.win32_1.15.0.201708311556/tools/compiler/bin/../lib/gcc/arm-none-eabi/6.3.1/thumb/v7-m/crtbegin.o
 .ARM.attributes
                0x0000004a       0x33 appli/adc.o
 .ARM.attributes
                0x0000007d       0x33 appli/main.o
 .ARM.attributes
                0x000000b0       0x33 appli/sensor.o
 .ARM.attributes
                0x000000e3       0x33 lib/bsp/stm32f1_adc.o
 .ARM.attributes
                0x00000116       0x33 lib/bsp/stm32f1_gpio.o
 .ARM.attributes
                0x00000149       0x33 lib/bsp/stm32f1_sys.o
 .ARM.attributes
                0x0000017c       0x33 lib/bsp/stm32f1_timer.o
 .ARM.attributes
                0x000001af       0x33 lib/bsp/stm32f1_uart.o
 .ARM.attributes
                0x000001e2       0x33 lib/bsp/system_stm32f1xx.o
 .ARM.attributes
                0x00000215       0x33 lib/bsp/systick.o
 .ARM.attributes
                0x00000248       0x33 lib/hal/src/stm32f1xx_hal.o
 .ARM.attributes
                0x0000027b       0x33 lib/hal/src/stm32f1xx_hal_adc.o
 .ARM.attributes
                0x000002ae       0x33 lib/hal/src/stm32f1xx_hal_cortex.o
 .ARM.attributes
                0x000002e1       0x33 lib/hal/src/stm32f1xx_hal_dma.o
 .ARM.attributes
                0x00000314       0x33 lib/hal/src/stm32f1xx_hal_gpio.o
 .ARM.attributes
                0x00000347       0x33 lib/hal/src/stm32f1xx_hal_msp_template.o
 .ARM.attributes
                0x0000037a       0x33 lib/hal/src/stm32f1xx_hal_rcc.o
 .ARM.attributes
                0x000003ad       0x33 lib/hal/src/stm32f1xx_hal_uart.o
 .ARM.attributes
                0x000003e0       0x21 lib/startup_stm32f103xb.o
 .ARM.attributes
                0x00000401       0x1d c:/ac6_stm32/systemworkbench/plugins/fr.ac6.mcu.externaltools.arm-none.win32_1.15.0.201708311556/tools/compiler/bin/../lib/gcc/arm-none-eabi/6.3.1/thumb/v7-m\libgcc.a(_arm_addsubdf3.o)
 .ARM.attributes
                0x0000041e       0x1d c:/ac6_stm32/systemworkbench/plugins/fr.ac6.mcu.externaltools.arm-none.win32_1.15.0.201708311556/tools/compiler/bin/../lib/gcc/arm-none-eabi/6.3.1/thumb/v7-m\libgcc.a(_arm_muldivdf3.o)
 .ARM.attributes
                0x0000043b       0x1d c:/ac6_stm32/systemworkbench/plugins/fr.ac6.mcu.externaltools.arm-none.win32_1.15.0.201708311556/tools/compiler/bin/../lib/gcc/arm-none-eabi/6.3.1/thumb/v7-m\libgcc.a(_arm_cmpdf2.o)
 .ARM.attributes
                0x00000458       0x1d c:/ac6_stm32/systemworkbench/plugins/fr.ac6.mcu.externaltools.arm-none.win32_1.15.0.201708311556/tools/compiler/bin/../lib/gcc/arm-none-eabi/6.3.1/thumb/v7-m\libgcc.a(_arm_unorddf2.o)
 .ARM.attributes
                0x00000475       0x1d c:/ac6_stm32/systemworkbench/plugins/fr.ac6.mcu.externaltools.arm-none.win32_1.15.0.201708311556/tools/compiler/bin/../lib/gcc/arm-none-eabi/6.3.1/thumb/v7-m\libgcc.a(_arm_fixdfsi.o)
 .ARM.attributes
                0x00000492       0x1d c:/ac6_stm32/systemworkbench/plugins/fr.ac6.mcu.externaltools.arm-none.win32_1.15.0.201708311556/tools/compiler/bin/../lib/gcc/arm-none-eabi/6.3.1/thumb/v7-m\libgcc.a(_aeabi_uldivmod.o)
 .ARM.attributes
                0x000004af       0x2d c:/ac6_stm32/systemworkbench/plugins/fr.ac6.mcu.externaltools.arm-none.win32_1.15.0.201708311556/tools/compiler/bin/../lib/gcc/arm-none-eabi/6.3.1/thumb/v7-m\libgcc.a(_udivmoddi4.o)
 .ARM.attributes
                0x000004dc       0x1d c:/ac6_stm32/systemworkbench/plugins/fr.ac6.mcu.externaltools.arm-none.win32_1.15.0.201708311556/tools/compiler/bin/../lib/gcc/arm-none-eabi/6.3.1/thumb/v7-m\libgcc.a(_dvmd_tls.o)
 .ARM.attributes
                0x000004f9       0x2d c:/ac6_stm32/systemworkbench/plugins/fr.ac6.mcu.externaltools.arm-none.win32_1.15.0.201708311556/tools/compiler/bin/../lib/gcc/arm-none-eabi/6.3.1/../../../../arm-none-eabi/lib/thumb/v7-m\libc.a(lib_a-errno.o)
 .ARM.attributes
                0x00000526       0x2d c:/ac6_stm32/systemworkbench/plugins/fr.ac6.mcu.externaltools.arm-none.win32_1.15.0.201708311556/tools/compiler/bin/../lib/gcc/arm-none-eabi/6.3.1/../../../../arm-none-eabi/lib/thumb/v7-m\libc.a(lib_a-impure.o)
 .ARM.attributes
                0x00000553       0x2d c:/ac6_stm32/systemworkbench/plugins/fr.ac6.mcu.externaltools.arm-none.win32_1.15.0.201708311556/tools/compiler/bin/../lib/gcc/arm-none-eabi/6.3.1/../../../../arm-none-eabi/lib/thumb/v7-m\libc.a(lib_a-init.o)
 .ARM.attributes
                0x00000580       0x2d c:/ac6_stm32/systemworkbench/plugins/fr.ac6.mcu.externaltools.arm-none.win32_1.15.0.201708311556/tools/compiler/bin/../lib/gcc/arm-none-eabi/6.3.1/../../../../arm-none-eabi/lib/thumb/v7-m\libc.a(lib_a-malloc.o)
 .ARM.attributes
                0x000005ad       0x2d c:/ac6_stm32/systemworkbench/plugins/fr.ac6.mcu.externaltools.arm-none.win32_1.15.0.201708311556/tools/compiler/bin/../lib/gcc/arm-none-eabi/6.3.1/../../../../arm-none-eabi/lib/thumb/v7-m\libc.a(lib_a-mallocr.o)
 .ARM.attributes
                0x000005da       0x2d c:/ac6_stm32/systemworkbench/plugins/fr.ac6.mcu.externaltools.arm-none.win32_1.15.0.201708311556/tools/compiler/bin/../lib/gcc/arm-none-eabi/6.3.1/../../../../arm-none-eabi/lib/thumb/v7-m\libc.a(lib_a-memset.o)
 .ARM.attributes
                0x00000607       0x2d c:/ac6_stm32/systemworkbench/plugins/fr.ac6.mcu.externaltools.arm-none.win32_1.15.0.201708311556/tools/compiler/bin/../lib/gcc/arm-none-eabi/6.3.1/../../../../arm-none-eabi/lib/thumb/v7-m\libc.a(lib_a-mlock.o)
 .ARM.attributes
                0x00000634       0x2d c:/ac6_stm32/systemworkbench/plugins/fr.ac6.mcu.externaltools.arm-none.win32_1.15.0.201708311556/tools/compiler/bin/../lib/gcc/arm-none-eabi/6.3.1/../../../../arm-none-eabi/lib/thumb/v7-m\libc.a(lib_a-printf.o)
 .ARM.attributes
                0x00000661       0x2d c:/ac6_stm32/systemworkbench/plugins/fr.ac6.mcu.externaltools.arm-none.win32_1.15.0.201708311556/tools/compiler/bin/../lib/gcc/arm-none-eabi/6.3.1/../../../../arm-none-eabi/lib/thumb/v7-m\libc.a(lib_a-putchar.o)
 .ARM.attributes
                0x0000068e       0x2d c:/ac6_stm32/systemworkbench/plugins/fr.ac6.mcu.externaltools.arm-none.win32_1.15.0.201708311556/tools/compiler/bin/../lib/gcc/arm-none-eabi/6.3.1/../../../../arm-none-eabi/lib/thumb/v7-m\libc.a(lib_a-puts.o)
 .ARM.attributes
                0x000006bb       0x2d c:/ac6_stm32/systemworkbench/plugins/fr.ac6.mcu.externaltools.arm-none.win32_1.15.0.201708311556/tools/compiler/bin/../lib/gcc/arm-none-eabi/6.3.1/../../../../arm-none-eabi/lib/thumb/v7-m\libc.a(lib_a-setvbuf.o)
 .ARM.attributes
                0x000006e8       0x2d c:/ac6_stm32/systemworkbench/plugins/fr.ac6.mcu.externaltools.arm-none.win32_1.15.0.201708311556/tools/compiler/bin/../lib/gcc/arm-none-eabi/6.3.1/../../../../arm-none-eabi/lib/thumb/v7-m\libc.a(lib_a-strlen-stub.o)
 .ARM.attributes
                0x00000715       0x2d c:/ac6_stm32/systemworkbench/plugins/fr.ac6.mcu.externaltools.arm-none.win32_1.15.0.201708311556/tools/compiler/bin/../lib/gcc/arm-none-eabi/6.3.1/../../../../arm-none-eabi/lib/thumb/v7-m\libc.a(lib_a-vfprintf.o)
 .ARM.attributes
                0x00000742       0x2d c:/ac6_stm32/systemworkbench/plugins/fr.ac6.mcu.externaltools.arm-none.win32_1.15.0.201708311556/tools/compiler/bin/../lib/gcc/arm-none-eabi/6.3.1/../../../../arm-none-eabi/lib/thumb/v7-m\libc.a(lib_a-wsetup.o)
 .ARM.attributes
                0x0000076f       0x2d c:/ac6_stm32/systemworkbench/plugins/fr.ac6.mcu.externaltools.arm-none.win32_1.15.0.201708311556/tools/compiler/bin/../lib/gcc/arm-none-eabi/6.3.1/../../../../arm-none-eabi/lib/thumb/v7-m\libc.a(lib_a-__call_atexit.o)
 .ARM.attributes
                0x0000079c       0x2d c:/ac6_stm32/systemworkbench/plugins/fr.ac6.mcu.externaltools.arm-none.win32_1.15.0.201708311556/tools/compiler/bin/../lib/gcc/arm-none-eabi/6.3.1/../../../../arm-none-eabi/lib/thumb/v7-m\libc.a(lib_a-atexit.o)
 .ARM.attributes
                0x000007c9       0x2d c:/ac6_stm32/systemworkbench/plugins/fr.ac6.mcu.externaltools.arm-none.win32_1.15.0.201708311556/tools/compiler/bin/../lib/gcc/arm-none-eabi/6.3.1/../../../../arm-none-eabi/lib/thumb/v7-m\libc.a(lib_a-dtoa.o)
 .ARM.attributes
                0x000007f6       0x2d c:/ac6_stm32/systemworkbench/plugins/fr.ac6.mcu.externaltools.arm-none.win32_1.15.0.201708311556/tools/compiler/bin/../lib/gcc/arm-none-eabi/6.3.1/../../../../arm-none-eabi/lib/thumb/v7-m\libc.a(lib_a-fflush.o)
 .ARM.attributes
                0x00000823       0x2d c:/ac6_stm32/systemworkbench/plugins/fr.ac6.mcu.externaltools.arm-none.win32_1.15.0.201708311556/tools/compiler/bin/../lib/gcc/arm-none-eabi/6.3.1/../../../../arm-none-eabi/lib/thumb/v7-m\libc.a(lib_a-findfp.o)
 .ARM.attributes
                0x00000850       0x2d c:/ac6_stm32/systemworkbench/plugins/fr.ac6.mcu.externaltools.arm-none.win32_1.15.0.201708311556/tools/compiler/bin/../lib/gcc/arm-none-eabi/6.3.1/../../../../arm-none-eabi/lib/thumb/v7-m\libc.a(lib_a-fini.o)
 .ARM.attributes
                0x0000087d       0x2d c:/ac6_stm32/systemworkbench/plugins/fr.ac6.mcu.externaltools.arm-none.win32_1.15.0.201708311556/tools/compiler/bin/../lib/gcc/arm-none-eabi/6.3.1/../../../../arm-none-eabi/lib/thumb/v7-m\libc.a(lib_a-freer.o)
 .ARM.attributes
                0x000008aa       0x2d c:/ac6_stm32/systemworkbench/plugins/fr.ac6.mcu.externaltools.arm-none.win32_1.15.0.201708311556/tools/compiler/bin/../lib/gcc/arm-none-eabi/6.3.1/../../../../arm-none-eabi/lib/thumb/v7-m\libc.a(lib_a-fvwrite.o)
 .ARM.attributes
                0x000008d7       0x2d c:/ac6_stm32/systemworkbench/plugins/fr.ac6.mcu.externaltools.arm-none.win32_1.15.0.201708311556/tools/compiler/bin/../lib/gcc/arm-none-eabi/6.3.1/../../../../arm-none-eabi/lib/thumb/v7-m\libc.a(lib_a-fwalk.o)
 .ARM.attributes
                0x00000904       0x2d c:/ac6_stm32/systemworkbench/plugins/fr.ac6.mcu.externaltools.arm-none.win32_1.15.0.201708311556/tools/compiler/bin/../lib/gcc/arm-none-eabi/6.3.1/../../../../arm-none-eabi/lib/thumb/v7-m\libc.a(lib_a-localeconv.o)
 .ARM.attributes
                0x00000931       0x2d c:/ac6_stm32/systemworkbench/plugins/fr.ac6.mcu.externaltools.arm-none.win32_1.15.0.201708311556/tools/compiler/bin/../lib/gcc/arm-none-eabi/6.3.1/../../../../arm-none-eabi/lib/thumb/v7-m\libc.a(lib_a-lock.o)
 .ARM.attributes
                0x0000095e       0x2d c:/ac6_stm32/systemworkbench/plugins/fr.ac6.mcu.externaltools.arm-none.win32_1.15.0.201708311556/tools/compiler/bin/../lib/gcc/arm-none-eabi/6.3.1/../../../../arm-none-eabi/lib/thumb/v7-m\libc.a(lib_a-makebuf.o)
 .ARM.attributes
                0x0000098b       0x2d c:/ac6_stm32/systemworkbench/plugins/fr.ac6.mcu.externaltools.arm-none.win32_1.15.0.201708311556/tools/compiler/bin/../lib/gcc/arm-none-eabi/6.3.1/../../../../arm-none-eabi/lib/thumb/v7-m\libc.a(lib_a-memchr-stub.o)
 .ARM.attributes
                0x000009b8       0x1b c:/ac6_stm32/systemworkbench/plugins/fr.ac6.mcu.externaltools.arm-none.win32_1.15.0.201708311556/tools/compiler/bin/../lib/gcc/arm-none-eabi/6.3.1/../../../../arm-none-eabi/lib/thumb/v7-m\libc.a(lib_a-memcpy.o)
 .ARM.attributes
                0x000009d3       0x2d c:/ac6_stm32/systemworkbench/plugins/fr.ac6.mcu.externaltools.arm-none.win32_1.15.0.201708311556/tools/compiler/bin/../lib/gcc/arm-none-eabi/6.3.1/../../../../arm-none-eabi/lib/thumb/v7-m\libc.a(lib_a-memmove.o)
 .ARM.attributes
                0x00000a00       0x2d c:/ac6_stm32/systemworkbench/plugins/fr.ac6.mcu.externaltools.arm-none.win32_1.15.0.201708311556/tools/compiler/bin/../lib/gcc/arm-none-eabi/6.3.1/../../../../arm-none-eabi/lib/thumb/v7-m\libc.a(lib_a-mprec.o)
 .ARM.attributes
                0x00000a2d       0x2d c:/ac6_stm32/systemworkbench/plugins/fr.ac6.mcu.externaltools.arm-none.win32_1.15.0.201708311556/tools/compiler/bin/../lib/gcc/arm-none-eabi/6.3.1/../../../../arm-none-eabi/lib/thumb/v7-m\libc.a(lib_a-putc.o)
 .ARM.attributes
                0x00000a5a       0x2d c:/ac6_stm32/systemworkbench/plugins/fr.ac6.mcu.externaltools.arm-none.win32_1.15.0.201708311556/tools/compiler/bin/../lib/gcc/arm-none-eabi/6.3.1/../../../../arm-none-eabi/lib/thumb/v7-m\libc.a(lib_a-reallocr.o)
 .ARM.attributes
                0x00000a87       0x2d c:/ac6_stm32/systemworkbench/plugins/fr.ac6.mcu.externaltools.arm-none.win32_1.15.0.201708311556/tools/compiler/bin/../lib/gcc/arm-none-eabi/6.3.1/../../../../arm-none-eabi/lib/thumb/v7-m\libc.a(lib_a-stdio.o)
 .ARM.attributes
                0x00000ab4       0x2d c:/ac6_stm32/systemworkbench/plugins/fr.ac6.mcu.externaltools.arm-none.win32_1.15.0.201708311556/tools/compiler/bin/../lib/gcc/arm-none-eabi/6.3.1/../../../../arm-none-eabi/lib/thumb/v7-m\libc.a(lib_a-vfiprintf.o)
 .ARM.attributes
                0x00000ae1       0x2d c:/ac6_stm32/systemworkbench/plugins/fr.ac6.mcu.externaltools.arm-none.win32_1.15.0.201708311556/tools/compiler/bin/../lib/gcc/arm-none-eabi/6.3.1/../../../../arm-none-eabi/lib/thumb/v7-m\libc.a(lib_a-wbuf.o)
 .ARM.attributes
                0x00000b0e       0x2d c:/ac6_stm32/systemworkbench/plugins/fr.ac6.mcu.externaltools.arm-none.win32_1.15.0.201708311556/tools/compiler/bin/../lib/gcc/arm-none-eabi/6.3.1/../../../../arm-none-eabi/lib/thumb/v7-m\libc.a(lib_a-writer.o)
 .ARM.attributes
                0x00000b3b       0x2d c:/ac6_stm32/systemworkbench/plugins/fr.ac6.mcu.externaltools.arm-none.win32_1.15.0.201708311556/tools/compiler/bin/../lib/gcc/arm-none-eabi/6.3.1/../../../../arm-none-eabi/lib/thumb/v7-m\libc.a(lib_a-__atexit.o)
 .ARM.attributes
                0x00000b68       0x2d c:/ac6_stm32/systemworkbench/plugins/fr.ac6.mcu.externaltools.arm-none.win32_1.15.0.201708311556/tools/compiler/bin/../lib/gcc/arm-none-eabi/6.3.1/../../../../arm-none-eabi/lib/thumb/v7-m\libc.a(lib_a-callocr.o)
 .ARM.attributes
                0x00000b95       0x2d c:/ac6_stm32/systemworkbench/plugins/fr.ac6.mcu.externaltools.arm-none.win32_1.15.0.201708311556/tools/compiler/bin/../lib/gcc/arm-none-eabi/6.3.1/../../../../arm-none-eabi/lib/thumb/v7-m\libc.a(lib_a-closer.o)
 .ARM.attributes
                0x00000bc2       0x2d c:/ac6_stm32/systemworkbench/plugins/fr.ac6.mcu.externaltools.arm-none.win32_1.15.0.201708311556/tools/compiler/bin/../lib/gcc/arm-none-eabi/6.3.1/../../../../arm-none-eabi/lib/thumb/v7-m\libc.a(lib_a-fclose.o)
 .ARM.attributes
                0x00000bef       0x2d c:/ac6_stm32/systemworkbench/plugins/fr.ac6.mcu.externaltools.arm-none.win32_1.15.0.201708311556/tools/compiler/bin/../lib/gcc/arm-none-eabi/6.3.1/../../../../arm-none-eabi/lib/thumb/v7-m\libc.a(lib_a-fputwc.o)
 .ARM.attributes
                0x00000c1c       0x2d c:/ac6_stm32/systemworkbench/plugins/fr.ac6.mcu.externaltools.arm-none.win32_1.15.0.201708311556/tools/compiler/bin/../lib/gcc/arm-none-eabi/6.3.1/../../../../arm-none-eabi/lib/thumb/v7-m\libc.a(lib_a-fstatr.o)
 .ARM.attributes
                0x00000c49       0x2d c:/ac6_stm32/systemworkbench/plugins/fr.ac6.mcu.externaltools.arm-none.win32_1.15.0.201708311556/tools/compiler/bin/../lib/gcc/arm-none-eabi/6.3.1/../../../../arm-none-eabi/lib/thumb/v7-m\libc.a(lib_a-isattyr.o)
 .ARM.attributes
                0x00000c76       0x2d c:/ac6_stm32/systemworkbench/plugins/fr.ac6.mcu.externaltools.arm-none.win32_1.15.0.201708311556/tools/compiler/bin/../lib/gcc/arm-none-eabi/6.3.1/../../../../arm-none-eabi/lib/thumb/v7-m\libc.a(lib_a-locale.o)
 .ARM.attributes
                0x00000ca3       0x2d c:/ac6_stm32/systemworkbench/plugins/fr.ac6.mcu.externaltools.arm-none.win32_1.15.0.201708311556/tools/compiler/bin/../lib/gcc/arm-none-eabi/6.3.1/../../../../arm-none-eabi/lib/thumb/v7-m\libc.a(lib_a-lseekr.o)
 .ARM.attributes
                0x00000cd0       0x2d c:/ac6_stm32/systemworkbench/plugins/fr.ac6.mcu.externaltools.arm-none.win32_1.15.0.201708311556/tools/compiler/bin/../lib/gcc/arm-none-eabi/6.3.1/../../../../arm-none-eabi/lib/thumb/v7-m\libc.a(lib_a-mbtowc_r.o)
 .ARM.attributes
                0x00000cfd       0x2d c:/ac6_stm32/systemworkbench/plugins/fr.ac6.mcu.externaltools.arm-none.win32_1.15.0.201708311556/tools/compiler/bin/../lib/gcc/arm-none-eabi/6.3.1/../../../../arm-none-eabi/lib/thumb/v7-m\libc.a(lib_a-readr.o)
 .ARM.attributes
                0x00000d2a       0x2d c:/ac6_stm32/systemworkbench/plugins/fr.ac6.mcu.externaltools.arm-none.win32_1.15.0.201708311556/tools/compiler/bin/../lib/gcc/arm-none-eabi/6.3.1/../../../../arm-none-eabi/lib/thumb/v7-m\libc.a(lib_a-reent.o)
 .ARM.attributes
                0x00000d57       0x2d c:/ac6_stm32/systemworkbench/plugins/fr.ac6.mcu.externaltools.arm-none.win32_1.15.0.201708311556/tools/compiler/bin/../lib/gcc/arm-none-eabi/6.3.1/../../../../arm-none-eabi/lib/thumb/v7-m\libc.a(lib_a-wcrtomb.o)
 .ARM.attributes
                0x00000d84       0x2d c:/ac6_stm32/systemworkbench/plugins/fr.ac6.mcu.externaltools.arm-none.win32_1.15.0.201708311556/tools/compiler/bin/../lib/gcc/arm-none-eabi/6.3.1/../../../../arm-none-eabi/lib/thumb/v7-m\libc.a(lib_a-wctomb_r.o)
 .ARM.attributes
                0x00000db1       0x2d c:/ac6_stm32/systemworkbench/plugins/fr.ac6.mcu.externaltools.arm-none.win32_1.15.0.201708311556/tools/compiler/bin/../lib/gcc/arm-none-eabi/6.3.1/../../../../arm-none-eabi/lib/thumb/v7-m\libc.a(lib_a-ctype_.o)
 .ARM.attributes
                0x00000dde       0x1d c:/ac6_stm32/systemworkbench/plugins/fr.ac6.mcu.externaltools.arm-none.win32_1.15.0.201708311556/tools/compiler/bin/../lib/gcc/arm-none-eabi/6.3.1/thumb/v7-m/crtn.o
OUTPUT(projet-f103.elf elf32-littlearm)

.debug_info     0x00000000    0x11f7a
 .debug_info    0x00000000      0xec0 appli/adc.o
 .debug_info    0x00000ec0      0xa83 appli/main.o
 .debug_info    0x00001943      0x119 appli/sensor.o
 .debug_info    0x00001a5c     0x150c lib/bsp/stm32f1_adc.o
 .debug_info    0x00002f68      0xbcb lib/bsp/stm32f1_gpio.o
 .debug_info    0x00003b33     0x13a5 lib/bsp/stm32f1_sys.o
 .debug_info    0x00004ed8     0x11ff lib/bsp/stm32f1_timer.o
 .debug_info    0x000060d7     0x1785 lib/bsp/stm32f1_uart.o
 .debug_info    0x0000785c      0xbe9 lib/bsp/system_stm32f1xx.o
 .debug_info    0x00008445      0x9e3 lib/bsp/systick.o
 .debug_info    0x00008e28      0xe09 lib/hal/src/stm32f1xx_hal.o
 .debug_info    0x00009c31     0x1629 lib/hal/src/stm32f1xx_hal_adc.o
 .debug_info    0x0000b25a     0x12d5 lib/hal/src/stm32f1xx_hal_cortex.o
 .debug_info    0x0000c52f      0xdac lib/hal/src/stm32f1xx_hal_dma.o
 .debug_info    0x0000d2db      0xe1f lib/hal/src/stm32f1xx_hal_gpio.o
 .debug_info    0x0000e0fa      0x92c lib/hal/src/stm32f1xx_hal_msp_template.o
 .debug_info    0x0000ea26     0x1ece lib/hal/src/stm32f1xx_hal_rcc.o
 .debug_info    0x000108f4     0x1614 lib/hal/src/stm32f1xx_hal_uart.o
 .debug_info    0x00011f08       0x72 lib/startup_stm32f103xb.o

.debug_abbrev   0x00000000     0x2e9c
 .debug_abbrev  0x00000000      0x226 appli/adc.o
 .debug_abbrev  0x00000226      0x244 appli/main.o
 .debug_abbrev  0x0000046a       0x86 appli/sensor.o
 .debug_abbrev  0x000004f0      0x2d6 lib/bsp/stm32f1_adc.o
 .debug_abbrev  0x000007c6      0x20c lib/bsp/stm32f1_gpio.o
 .debug_abbrev  0x000009d2      0x44d lib/bsp/stm32f1_sys.o
 .debug_abbrev  0x00000e1f      0x2a0 lib/bsp/stm32f1_timer.o
 .debug_abbrev  0x000010bf      0x327 lib/bsp/stm32f1_uart.o
 .debug_abbrev  0x000013e6      0x237 lib/bsp/system_stm32f1xx.o
 .debug_abbrev  0x0000161d      0x214 lib/bsp/systick.o
 .debug_abbrev  0x00001831      0x310 lib/hal/src/stm32f1xx_hal.o
 .debug_abbrev  0x00001b41      0x2b9 lib/hal/src/stm32f1xx_hal_adc.o
 .debug_abbrev  0x00001dfa      0x360 lib/hal/src/stm32f1xx_hal_cortex.o
 .debug_abbrev  0x0000215a      0x2a5 lib/hal/src/stm32f1xx_hal_dma.o
 .debug_abbrev  0x000023ff      0x287 lib/hal/src/stm32f1xx_hal_gpio.o
 .debug_abbrev  0x00002686      0x1b1 lib/hal/src/stm32f1xx_hal_msp_template.o
 .debug_abbrev  0x00002837      0x368 lib/hal/src/stm32f1xx_hal_rcc.o
 .debug_abbrev  0x00002b9f      0x2eb lib/hal/src/stm32f1xx_hal_uart.o
 .debug_abbrev  0x00002e8a       0x12 lib/startup_stm32f103xb.o

.debug_aranges  0x00000000      0x928
 .debug_aranges
                0x00000000       0x28 appli/adc.o
 .debug_aranges
                0x00000028       0x38 appli/main.o
 .debug_aranges
                0x00000060       0x20 appli/sensor.o
 .debug_aranges
                0x00000080       0x58 lib/bsp/stm32f1_adc.o
 .debug_aranges
                0x000000d8       0x28 lib/bsp/stm32f1_gpio.o
 .debug_aranges
                0x00000100      0x110 lib/bsp/stm32f1_sys.o
 .debug_aranges
                0x00000210       0x80 lib/bsp/stm32f1_timer.o
 .debug_aranges
                0x00000290       0xa0 lib/bsp/stm32f1_uart.o
 .debug_aranges
                0x00000330       0x28 lib/bsp/system_stm32f1xx.o
 .debug_aranges
                0x00000358       0x38 lib/bsp/systick.o
 .debug_aranges
                0x00000390       0xb0 lib/hal/src/stm32f1xx_hal.o
 .debug_aranges
                0x00000440       0xf0 lib/hal/src/stm32f1xx_hal_adc.o
 .debug_aranges
                0x00000530      0x100 lib/hal/src/stm32f1xx_hal_cortex.o
 .debug_aranges
                0x00000630       0x68 lib/hal/src/stm32f1xx_hal_dma.o
 .debug_aranges
                0x00000698       0x58 lib/hal/src/stm32f1xx_hal_gpio.o
 .debug_aranges
                0x000006f0       0x38 lib/hal/src/stm32f1xx_hal_msp_template.o
 .debug_aranges
                0x00000728       0x88 lib/hal/src/stm32f1xx_hal_rcc.o
 .debug_aranges
                0x000007b0      0x150 lib/hal/src/stm32f1xx_hal_uart.o
 .debug_aranges
                0x00000900       0x28 lib/startup_stm32f103xb.o

.debug_ranges   0x00000000      0x818
 .debug_ranges  0x00000000       0x18 appli/adc.o
 .debug_ranges  0x00000018       0x28 appli/main.o
 .debug_ranges  0x00000040       0x10 appli/sensor.o
 .debug_ranges  0x00000050       0x60 lib/bsp/stm32f1_adc.o
 .debug_ranges  0x000000b0       0x18 lib/bsp/stm32f1_gpio.o
 .debug_ranges  0x000000c8      0x100 lib/bsp/stm32f1_sys.o
 .debug_ranges  0x000001c8       0x70 lib/bsp/stm32f1_timer.o
 .debug_ranges  0x00000238       0x90 lib/bsp/stm32f1_uart.o
 .debug_ranges  0x000002c8       0x18 lib/bsp/system_stm32f1xx.o
 .debug_ranges  0x000002e0       0x28 lib/bsp/systick.o
 .debug_ranges  0x00000308       0xa0 lib/hal/src/stm32f1xx_hal.o
 .debug_ranges  0x000003a8       0xe0 lib/hal/src/stm32f1xx_hal_adc.o
 .debug_ranges  0x00000488       0xf0 lib/hal/src/stm32f1xx_hal_cortex.o
 .debug_ranges  0x00000578       0x58 lib/hal/src/stm32f1xx_hal_dma.o
 .debug_ranges  0x000005d0       0x48 lib/hal/src/stm32f1xx_hal_gpio.o
 .debug_ranges  0x00000618       0x28 lib/hal/src/stm32f1xx_hal_msp_template.o
 .debug_ranges  0x00000640       0x78 lib/hal/src/stm32f1xx_hal_rcc.o
 .debug_ranges  0x000006b8      0x140 lib/hal/src/stm32f1xx_hal_uart.o
 .debug_ranges  0x000007f8       0x20 lib/startup_stm32f103xb.o

.debug_macro    0x00000000    0x10f7c
 .debug_macro   0x00000000      0x3c3 appli/adc.o
 .debug_macro   0x000003c3      0x8ce appli/adc.o
 .debug_macro   0x00000c91       0xc4 appli/adc.o
 .debug_macro   0x00000d55      0x1da appli/adc.o
 .debug_macro   0x00000f2f       0x28 appli/adc.o
 .debug_macro   0x00000f57       0x22 appli/adc.o
 .debug_macro   0x00000f79       0x22 appli/adc.o
 .debug_macro   0x00000f9b       0x87 appli/adc.o
 .debug_macro   0x00001022       0x51 appli/adc.o
 .debug_macro   0x00001073       0xef appli/adc.o
 .debug_macro   0x00001162       0x6a appli/adc.o
 .debug_macro   0x000011cc      0x1df appli/adc.o
 .debug_macro   0x000013ab       0x34 appli/adc.o
 .debug_macro   0x000013df       0x34 appli/adc.o
 .debug_macro   0x00001413      0xb8e appli/adc.o
 .debug_macro   0x00001fa1     0x69eb appli/adc.o
 .debug_macro   0x0000898c       0x43 appli/adc.o
 .debug_macro   0x000089cf       0x58 appli/adc.o
 .debug_macro   0x00008a27       0x35 appli/adc.o
 .debug_macro   0x00008a5c       0x9c appli/adc.o
 .debug_macro   0x00008af8       0x16 appli/adc.o
 .debug_macro   0x00008b0e       0x97 appli/adc.o
 .debug_macro   0x00008ba5      0x330 appli/adc.o
 .debug_macro   0x00008ed5       0xfd appli/adc.o
 .debug_macro   0x00008fd2       0x10 appli/adc.o
 .debug_macro   0x00008fe2       0x58 appli/adc.o
 .debug_macro   0x0000903a       0x1f appli/adc.o
 .debug_macro   0x00009059       0x43 appli/adc.o
 .debug_macro   0x0000909c       0x20 appli/adc.o
 .debug_macro   0x000090bc      0x187 appli/adc.o
 .debug_macro   0x00009243       0x10 appli/adc.o
 .debug_macro   0x00009253       0x1c appli/adc.o
 .debug_macro   0x0000926f       0x52 appli/adc.o
 .debug_macro   0x000092c1       0x40 appli/adc.o
 .debug_macro   0x00009301       0x10 appli/adc.o
 .debug_macro   0x00009311       0x40 appli/adc.o
 .debug_macro   0x00009351       0xd7 appli/adc.o
 .debug_macro   0x00009428       0x16 appli/adc.o
 .debug_macro   0x0000943e      0x18b appli/adc.o
 .debug_macro   0x000095c9       0x57 appli/adc.o
 .debug_macro   0x00009620      0x77f appli/adc.o
 .debug_macro   0x00009d9f      0x28b appli/adc.o
 .debug_macro   0x0000a02a      0x141 appli/adc.o
 .debug_macro   0x0000a16b      0x197 appli/adc.o
 .debug_macro   0x0000a302      0x1a7 appli/adc.o
 .debug_macro   0x0000a4a9       0x2d appli/adc.o
 .debug_macro   0x0000a4d6       0x3c appli/adc.o
 .debug_macro   0x0000a512       0x57 appli/adc.o
 .debug_macro   0x0000a569      0x46a appli/adc.o
 .debug_macro   0x0000a9d3      0x1b5 appli/adc.o
 .debug_macro   0x0000ab88       0x8c appli/adc.o
 .debug_macro   0x0000ac14      0x242 appli/adc.o
 .debug_macro   0x0000ae56      0x225 appli/adc.o
 .debug_macro   0x0000b07b       0x99 appli/adc.o
 .debug_macro   0x0000b114      0x143 appli/adc.o
 .debug_macro   0x0000b257      0x1ef appli/adc.o
 .debug_macro   0x0000b446       0xf2 appli/adc.o
 .debug_macro   0x0000b538      0x1f4 appli/adc.o
 .debug_macro   0x0000b72c      0x83e appli/adc.o
 .debug_macro   0x0000bf6a       0x11 appli/adc.o
 .debug_macro   0x0000bf7b      0x256 appli/adc.o
 .debug_macro   0x0000c1d1      0x225 appli/adc.o
 .debug_macro   0x0000c3f6       0x8e appli/adc.o
 .debug_macro   0x0000c484       0x7c appli/adc.o
 .debug_macro   0x0000c500       0x16 appli/adc.o
 .debug_macro   0x0000c516       0x35 appli/adc.o
 .debug_macro   0x0000c54b       0xc8 appli/adc.o
 .debug_macro   0x0000c613      0x3fc appli/main.o
 .debug_macro   0x0000ca0f       0x3a appli/main.o
 .debug_macro   0x0000ca49      0x165 appli/main.o
 .debug_macro   0x0000cbae       0x88 appli/main.o
 .debug_macro   0x0000cc36      0x1e1 appli/main.o
 .debug_macro   0x0000ce17       0x77 appli/sensor.o
 .debug_macro   0x0000ce8e      0x40e lib/bsp/stm32f1_adc.o
 .debug_macro   0x0000d29c       0x52 lib/bsp/stm32f1_adc.o
 .debug_macro   0x0000d2ee       0x8d lib/bsp/stm32f1_adc.o
 .debug_macro   0x0000d37b       0x57 lib/bsp/stm32f1_adc.o
 .debug_macro   0x0000d3d2       0x82 lib/bsp/stm32f1_adc.o
 .debug_macro   0x0000d454      0x372 lib/bsp/stm32f1_gpio.o
 .debug_macro   0x0000d7c6      0x43f lib/bsp/stm32f1_sys.o
 .debug_macro   0x0000dc05       0x10 lib/bsp/stm32f1_sys.o
 .debug_macro   0x0000dc15      0x241 lib/bsp/stm32f1_sys.o
 .debug_macro   0x0000de56       0x16 lib/bsp/stm32f1_sys.o
 .debug_macro   0x0000de6c       0x10 lib/bsp/stm32f1_sys.o
 .debug_macro   0x0000de7c       0x10 lib/bsp/stm32f1_sys.o
 .debug_macro   0x0000de8c       0x35 lib/bsp/stm32f1_sys.o
 .debug_macro   0x0000dec1      0x122 lib/bsp/stm32f1_sys.o
 .debug_macro   0x0000dfe3       0x16 lib/bsp/stm32f1_sys.o
 .debug_macro   0x0000dff9      0x51a lib/bsp/stm32f1_sys.o